../X-CUBE-AI/App/network.c:11418:13:LL_ATON_End_EpochBlock_33	200	static
../X-CUBE-AI/App/network.c:11330:13:LL_ATON_End_EpochBlock_32	344	static
../X-CUBE-AI/App/network.c:11296:13:LL_ATON_End_EpochBlock_31	8	static
../X-CUBE-AI/App/network.c:10972:13:LL_ATON_End_EpochBlock_30	8	static
../X-CUBE-AI/App/network.c:10694:13:LL_ATON_End_EpochBlock_29	8	static
../X-CUBE-AI/App/network.c:10293:13:LL_ATON_End_EpochBlock_28	8	static
../X-CUBE-AI/App/network.c:9930:13:LL_ATON_End_EpochBlock_27	8	static
../X-CUBE-AI/App/network.c:9563:13:LL_ATON_End_EpochBlock_26	8	static
../X-CUBE-AI/App/network.c:9200:13:LL_ATON_End_EpochBlock_25	8	static
../X-CUBE-AI/App/network.c:8833:13:LL_ATON_End_EpochBlock_24	8	static
../X-CUBE-AI/App/network.c:8470:13:LL_ATON_End_EpochBlock_23	8	static
../X-CUBE-AI/App/network.c:8103:13:LL_ATON_End_EpochBlock_22	8	static
../X-CUBE-AI/App/network.c:7740:13:LL_ATON_End_EpochBlock_21	8	static
../X-CUBE-AI/App/network.c:7373:13:LL_ATON_End_EpochBlock_20	8	static
../X-CUBE-AI/App/network.c:7010:13:LL_ATON_End_EpochBlock_19	8	static
../X-CUBE-AI/App/network.c:6643:13:LL_ATON_End_EpochBlock_18	8	static
../X-CUBE-AI/App/network.c:6280:13:LL_ATON_End_EpochBlock_17	8	static
../X-CUBE-AI/App/network.c:5913:13:LL_ATON_End_EpochBlock_16	8	static
../X-CUBE-AI/App/network.c:5535:13:LL_ATON_End_EpochBlock_15	8	static
../X-CUBE-AI/App/network.c:4917:13:LL_ATON_End_EpochBlock_14	8	static
../X-CUBE-AI/App/network.c:4539:13:LL_ATON_End_EpochBlock_13	8	static
../X-CUBE-AI/App/network.c:3921:13:LL_ATON_End_EpochBlock_12	8	static
../X-CUBE-AI/App/network.c:3558:13:LL_ATON_End_EpochBlock_11	8	static
../X-CUBE-AI/App/network.c:3191:13:LL_ATON_End_EpochBlock_10	8	static
../X-CUBE-AI/App/network.c:2828:13:LL_ATON_End_EpochBlock_9	8	static
../X-CUBE-AI/App/network.c:2461:13:LL_ATON_End_EpochBlock_8	8	static
../X-CUBE-AI/App/network.c:2098:13:LL_ATON_End_EpochBlock_7	8	static
../X-CUBE-AI/App/network.c:1732:13:LL_ATON_End_EpochBlock_6	8	static
../X-CUBE-AI/App/network.c:1372:13:LL_ATON_End_EpochBlock_5	8	static
../X-CUBE-AI/App/network.c:1137:13:LL_ATON_End_EpochBlock_4	8	static
../X-CUBE-AI/App/network.c:633:13:LL_ATON_End_EpochBlock_3	8	static
../X-CUBE-AI/App/network.c:275:13:LL_ATON_End_EpochBlock_2	8	static
../X-CUBE-AI/App/network.c:11003:13:LL_ATON_Start_EpochBlock_31	8	static
../X-CUBE-AI/App/network.c:10328:13:LL_ATON_Start_EpochBlock_29	8	static
../X-CUBE-AI/App/network.c:9965:13:LL_ATON_Start_EpochBlock_28	8	static
../X-CUBE-AI/App/network.c:9598:13:LL_ATON_Start_EpochBlock_27	8	static
../X-CUBE-AI/App/network.c:9235:13:LL_ATON_Start_EpochBlock_26	8	static
../X-CUBE-AI/App/network.c:8868:13:LL_ATON_Start_EpochBlock_25	8	static
../X-CUBE-AI/App/network.c:8505:13:LL_ATON_Start_EpochBlock_24	8	static
../X-CUBE-AI/App/network.c:8138:13:LL_ATON_Start_EpochBlock_23	8	static
../X-CUBE-AI/App/network.c:7775:13:LL_ATON_Start_EpochBlock_22	8	static
../X-CUBE-AI/App/network.c:7408:13:LL_ATON_Start_EpochBlock_21	8	static
../X-CUBE-AI/App/network.c:7045:13:LL_ATON_Start_EpochBlock_20	8	static
../X-CUBE-AI/App/network.c:6678:13:LL_ATON_Start_EpochBlock_19	8	static
../X-CUBE-AI/App/network.c:6315:13:LL_ATON_Start_EpochBlock_18	8	static
../X-CUBE-AI/App/network.c:5948:13:LL_ATON_Start_EpochBlock_17	8	static
../X-CUBE-AI/App/network.c:5585:13:LL_ATON_Start_EpochBlock_16	8	static
../X-CUBE-AI/App/network.c:4952:13:LL_ATON_Start_EpochBlock_15	8	static
../X-CUBE-AI/App/network.c:4589:13:LL_ATON_Start_EpochBlock_14	8	static
../X-CUBE-AI/App/network.c:3956:13:LL_ATON_Start_EpochBlock_13	8	static
../X-CUBE-AI/App/network.c:3593:13:LL_ATON_Start_EpochBlock_12	8	static
../X-CUBE-AI/App/network.c:3226:13:LL_ATON_Start_EpochBlock_11	8	static
../X-CUBE-AI/App/network.c:2863:13:LL_ATON_Start_EpochBlock_10	8	static
../X-CUBE-AI/App/network.c:2496:13:LL_ATON_Start_EpochBlock_9	8	static
../X-CUBE-AI/App/network.c:2133:13:LL_ATON_Start_EpochBlock_8	8	static
../X-CUBE-AI/App/network.c:1767:13:LL_ATON_Start_EpochBlock_7	8	static
../X-CUBE-AI/App/network.c:1401:13:LL_ATON_Start_EpochBlock_6	8	static
../X-CUBE-AI/App/network.c:1178:13:LL_ATON_Start_EpochBlock_5	8	static
../X-CUBE-AI/App/network.c:668:13:LL_ATON_Start_EpochBlock_4	8	static
../X-CUBE-AI/App/network.c:302:13:LL_ATON_Start_EpochBlock_3	8	static
../X-CUBE-AI/App/network.c:130:13:LL_ATON_Start_EpochBlock_2	8	static
../X-CUBE-AI/App/network.c:10732:13:LL_ATON_Start_EpochBlock_30	8	static
../X-CUBE-AI/App/network.c:86:26:LL_ATON_Set_User_Input_Buffer_Default	0	static
../X-CUBE-AI/App/network.c:93:7:LL_ATON_Get_User_Input_Buffer_Default	0	static
../X-CUBE-AI/App/network.c:100:26:LL_ATON_Set_User_Output_Buffer_Default	0	static
../X-CUBE-AI/App/network.c:107:7:LL_ATON_Get_User_Output_Buffer_Default	0	static
../X-CUBE-AI/App/network.c:114:6:LL_ATON_EC_Network_Init_Default	0	static
../X-CUBE-AI/App/network.c:119:6:LL_ATON_EC_Inference_Init_Default	0	static
../X-CUBE-AI/App/network.c:11483:31:LL_ATON_EpochBlockItems_Default	0	static
../X-CUBE-AI/App/network.c:11943:30:LL_ATON_Input_Buffers_Info_Default	0	static
../X-CUBE-AI/App/network.c:14818:30:LL_ATON_Output_Buffers_Info_Default	0	static
../X-CUBE-AI/App/network.c:14852:30:LL_ATON_Internal_Buffers_Info_Default	0	static
