D:/STM32N6_WS/STM32N6-NPU-Setup/Drivers/STM32N6xx_HAL_Driver/Src/stm32n6xx_hal_uart.c:309:19:HAL_UART_Init	16	static
D:/STM32N6_WS/STM32N6-NPU-Setup/Drivers/STM32N6xx_HAL_Driver/Src/stm32n6xx_hal_uart.c:384:19:HAL_HalfDuplex_Init	16	static
D:/STM32N6_WS/STM32N6-NPU-Setup/Drivers/STM32N6xx_HAL_Driver/Src/stm32n6xx_hal_uart.c:459:19:HAL_LIN_Init	16	static
D:/STM32N6_WS/STM32N6-NPU-Setup/Drivers/STM32N6xx_HAL_Driver/Src/stm32n6xx_hal_uart.c:558:19:HAL_MultiProcessor_Init	24	static
D:/STM32N6_WS/STM32N6-NPU-Setup/Drivers/STM32N6xx_HAL_Driver/Src/stm32n6xx_hal_uart.c:634:19:HAL_UART_DeInit	16	static
D:/STM32N6_WS/STM32N6-NPU-Setup/Drivers/STM32N6xx_HAL_Driver/Src/stm32n6xx_hal_uart.c:681:13:HAL_UART_MspInit	16	static
D:/STM32N6_WS/STM32N6-NPU-Setup/Drivers/STM32N6xx_HAL_Driver/Src/stm32n6xx_hal_uart.c:696:13:HAL_UART_MspDeInit	16	static
D:/STM32N6_WS/STM32N6-NPU-Setup/Drivers/STM32N6xx_HAL_Driver/Src/stm32n6xx_hal_uart.c:1123:19:HAL_UART_Transmit	48	static
D:/STM32N6_WS/STM32N6-NPU-Setup/Drivers/STM32N6xx_HAL_Driver/Src/stm32n6xx_hal_uart.c:1213:19:HAL_UART_Receive	48	static
D:/STM32N6_WS/STM32N6-NPU-Setup/Drivers/STM32N6xx_HAL_Driver/Src/stm32n6xx_hal_uart.c:1297:19:HAL_UART_Transmit_IT	72	static,ignoring_inline_asm
D:/STM32N6_WS/STM32N6-NPU-Setup/Drivers/STM32N6xx_HAL_Driver/Src/stm32n6xx_hal_uart.c:1365:19:HAL_UART_Receive_IT	48	static,ignoring_inline_asm
D:/STM32N6_WS/STM32N6-NPU-Setup/Drivers/STM32N6xx_HAL_Driver/Src/stm32n6xx_hal_uart.c:1407:19:HAL_UART_Transmit_DMA	56	static,ignoring_inline_asm
D:/STM32N6_WS/STM32N6-NPU-Setup/Drivers/STM32N6xx_HAL_Driver/Src/stm32n6xx_hal_uart.c:1516:19:HAL_UART_Receive_DMA	48	static,ignoring_inline_asm
D:/STM32N6_WS/STM32N6-NPU-Setup/Drivers/STM32N6xx_HAL_Driver/Src/stm32n6xx_hal_uart.c:1552:19:HAL_UART_DMAPause	72	static,ignoring_inline_asm
D:/STM32N6_WS/STM32N6-NPU-Setup/Drivers/STM32N6xx_HAL_Driver/Src/stm32n6xx_hal_uart.c:1614:19:HAL_UART_DMAResume	64	static,ignoring_inline_asm
D:/STM32N6_WS/STM32N6-NPU-Setup/Drivers/STM32N6xx_HAL_Driver/Src/stm32n6xx_hal_uart.c:1663:19:HAL_UART_DMAStop	72	static,ignoring_inline_asm
D:/STM32N6_WS/STM32N6-NPU-Setup/Drivers/STM32N6xx_HAL_Driver/Src/stm32n6xx_hal_uart.c:1739:19:HAL_UART_Abort	136	static,ignoring_inline_asm
D:/STM32N6_WS/STM32N6-NPU-Setup/Drivers/STM32N6xx_HAL_Driver/Src/stm32n6xx_hal_uart.c:1844:19:HAL_UART_AbortTransmit	88	static,ignoring_inline_asm
D:/STM32N6_WS/STM32N6-NPU-Setup/Drivers/STM32N6xx_HAL_Driver/Src/stm32n6xx_hal_uart.c:1905:19:HAL_UART_AbortReceive	112	static,ignoring_inline_asm
D:/STM32N6_WS/STM32N6-NPU-Setup/Drivers/STM32N6xx_HAL_Driver/Src/stm32n6xx_hal_uart.c:1975:19:HAL_UART_Abort_IT	144	static,ignoring_inline_asm
D:/STM32N6_WS/STM32N6-NPU-Setup/Drivers/STM32N6xx_HAL_Driver/Src/stm32n6xx_hal_uart.c:2130:19:HAL_UART_AbortTransmit_IT	88	static,ignoring_inline_asm
D:/STM32N6_WS/STM32N6-NPU-Setup/Drivers/STM32N6xx_HAL_Driver/Src/stm32n6xx_hal_uart.c:2223:19:HAL_UART_AbortReceive_IT	112	static,ignoring_inline_asm
D:/STM32N6_WS/STM32N6-NPU-Setup/Drivers/STM32N6xx_HAL_Driver/Src/stm32n6xx_hal_uart.c:2318:6:HAL_UART_IRQHandler	240	static,ignoring_inline_asm
D:/STM32N6_WS/STM32N6-NPU-Setup/Drivers/STM32N6xx_HAL_Driver/Src/stm32n6xx_hal_uart.c:2676:13:HAL_UART_TxCpltCallback	16	static
D:/STM32N6_WS/STM32N6-NPU-Setup/Drivers/STM32N6xx_HAL_Driver/Src/stm32n6xx_hal_uart.c:2691:13:HAL_UART_TxHalfCpltCallback	16	static
D:/STM32N6_WS/STM32N6-NPU-Setup/Drivers/STM32N6xx_HAL_Driver/Src/stm32n6xx_hal_uart.c:2706:13:HAL_UART_RxCpltCallback	16	static
D:/STM32N6_WS/STM32N6-NPU-Setup/Drivers/STM32N6xx_HAL_Driver/Src/stm32n6xx_hal_uart.c:2721:13:HAL_UART_RxHalfCpltCallback	16	static
D:/STM32N6_WS/STM32N6-NPU-Setup/Drivers/STM32N6xx_HAL_Driver/Src/stm32n6xx_hal_uart.c:2736:13:HAL_UART_ErrorCallback	16	static
D:/STM32N6_WS/STM32N6-NPU-Setup/Drivers/STM32N6xx_HAL_Driver/Src/stm32n6xx_hal_uart.c:2751:13:HAL_UART_AbortCpltCallback	16	static
D:/STM32N6_WS/STM32N6-NPU-Setup/Drivers/STM32N6xx_HAL_Driver/Src/stm32n6xx_hal_uart.c:2766:13:HAL_UART_AbortTransmitCpltCallback	16	static
D:/STM32N6_WS/STM32N6-NPU-Setup/Drivers/STM32N6xx_HAL_Driver/Src/stm32n6xx_hal_uart.c:2781:13:HAL_UART_AbortReceiveCpltCallback	16	static
D:/STM32N6_WS/STM32N6-NPU-Setup/Drivers/STM32N6xx_HAL_Driver/Src/stm32n6xx_hal_uart.c:2798:13:HAL_UARTEx_RxEventCallback	16	static
D:/STM32N6_WS/STM32N6-NPU-Setup/Drivers/STM32N6xx_HAL_Driver/Src/stm32n6xx_hal_uart.c:2846:6:HAL_UART_ReceiverTimeout_Config	16	static
D:/STM32N6_WS/STM32N6-NPU-Setup/Drivers/STM32N6xx_HAL_Driver/Src/stm32n6xx_hal_uart.c:2861:19:HAL_UART_EnableReceiverTimeout	16	static
D:/STM32N6_WS/STM32N6-NPU-Setup/Drivers/STM32N6xx_HAL_Driver/Src/stm32n6xx_hal_uart.c:2899:19:HAL_UART_DisableReceiverTimeout	16	static
D:/STM32N6_WS/STM32N6-NPU-Setup/Drivers/STM32N6xx_HAL_Driver/Src/stm32n6xx_hal_uart.c:2937:19:HAL_MultiProcessor_EnableMuteMode	40	static,ignoring_inline_asm
D:/STM32N6_WS/STM32N6-NPU-Setup/Drivers/STM32N6xx_HAL_Driver/Src/stm32n6xx_hal_uart.c:2957:19:HAL_MultiProcessor_DisableMuteMode	40	static,ignoring_inline_asm
D:/STM32N6_WS/STM32N6-NPU-Setup/Drivers/STM32N6xx_HAL_Driver/Src/stm32n6xx_hal_uart.c:2977:6:HAL_MultiProcessor_EnterMuteMode	16	static
D:/STM32N6_WS/STM32N6-NPU-Setup/Drivers/STM32N6xx_HAL_Driver/Src/stm32n6xx_hal_uart.c:2987:19:HAL_HalfDuplex_EnableTransmitter	64	static,ignoring_inline_asm
D:/STM32N6_WS/STM32N6-NPU-Setup/Drivers/STM32N6xx_HAL_Driver/Src/stm32n6xx_hal_uart.c:3010:19:HAL_HalfDuplex_EnableReceiver	64	static,ignoring_inline_asm
D:/STM32N6_WS/STM32N6-NPU-Setup/Drivers/STM32N6xx_HAL_Driver/Src/stm32n6xx_hal_uart.c:3034:19:HAL_LIN_SendBreak	16	static
D:/STM32N6_WS/STM32N6-NPU-Setup/Drivers/STM32N6xx_HAL_Driver/Src/stm32n6xx_hal_uart.c:3079:23:HAL_UART_GetState	24	static
D:/STM32N6_WS/STM32N6-NPU-Setup/Drivers/STM32N6xx_HAL_Driver/Src/stm32n6xx_hal_uart.c:3095:10:HAL_UART_GetError	16	static
D:/STM32N6_WS/STM32N6-NPU-Setup/Drivers/STM32N6xx_HAL_Driver/Src/stm32n6xx_hal_uart.c:3141:19:UART_SetConfig	96	static
D:/STM32N6_WS/STM32N6-NPU-Setup/Drivers/STM32N6xx_HAL_Driver/Src/stm32n6xx_hal_uart.c:3298:6:UART_AdvFeatureConfig	16	static
D:/STM32N6_WS/STM32N6-NPU-Setup/Drivers/STM32N6xx_HAL_Driver/Src/stm32n6xx_hal_uart.c:3374:19:UART_CheckIdleState	104	static,ignoring_inline_asm
D:/STM32N6_WS/STM32N6-NPU-Setup/Drivers/STM32N6xx_HAL_Driver/Src/stm32n6xx_hal_uart.c:3443:19:UART_WaitOnFlagUntilTimeout	24	static
D:/STM32N6_WS/STM32N6-NPU-Setup/Drivers/STM32N6xx_HAL_Driver/Src/stm32n6xx_hal_uart.c:3511:19:UART_Start_Receive_IT	144	static,ignoring_inline_asm
D:/STM32N6_WS/STM32N6-NPU-Setup/Drivers/STM32N6xx_HAL_Driver/Src/stm32n6xx_hal_uart.c:3584:19:UART_Start_Receive_DMA	104	static,ignoring_inline_asm
D:/STM32N6_WS/STM32N6-NPU-Setup/Drivers/STM32N6xx_HAL_Driver/Src/stm32n6xx_hal_uart.c:3680:13:UART_EndTxTransfer	64	static,ignoring_inline_asm
D:/STM32N6_WS/STM32N6-NPU-Setup/Drivers/STM32N6xx_HAL_Driver/Src/stm32n6xx_hal_uart.c:3697:13:UART_EndRxTransfer	88	static,ignoring_inline_asm
D:/STM32N6_WS/STM32N6-NPU-Setup/Drivers/STM32N6xx_HAL_Driver/Src/stm32n6xx_hal_uart.c:3724:13:UART_DMATransmitCplt	72	static,ignoring_inline_asm
D:/STM32N6_WS/STM32N6-NPU-Setup/Drivers/STM32N6xx_HAL_Driver/Src/stm32n6xx_hal_uart.c:3758:13:UART_DMATxHalfCplt	24	static
D:/STM32N6_WS/STM32N6-NPU-Setup/Drivers/STM32N6xx_HAL_Driver/Src/stm32n6xx_hal_uart.c:3776:13:UART_DMAReceiveCplt	120	static,ignoring_inline_asm
D:/STM32N6_WS/STM32N6-NPU-Setup/Drivers/STM32N6xx_HAL_Driver/Src/stm32n6xx_hal_uart.c:3849:13:UART_DMARxHalfCplt	24	static
D:/STM32N6_WS/STM32N6-NPU-Setup/Drivers/STM32N6xx_HAL_Driver/Src/stm32n6xx_hal_uart.c:3897:13:UART_DMAError	32	static
D:/STM32N6_WS/STM32N6-NPU-Setup/Drivers/STM32N6xx_HAL_Driver/Src/stm32n6xx_hal_uart.c:3937:13:UART_DMAAbortOnError	24	static
D:/STM32N6_WS/STM32N6-NPU-Setup/Drivers/STM32N6xx_HAL_Driver/Src/stm32n6xx_hal_uart.c:3959:13:UART_DMATxAbortCallback	24	static
D:/STM32N6_WS/STM32N6-NPU-Setup/Drivers/STM32N6xx_HAL_Driver/Src/stm32n6xx_hal_uart.c:4014:13:UART_DMARxAbortCallback	24	static
D:/STM32N6_WS/STM32N6-NPU-Setup/Drivers/STM32N6xx_HAL_Driver/Src/stm32n6xx_hal_uart.c:4066:13:UART_DMATxOnlyAbortCallback	24	static
D:/STM32N6_WS/STM32N6-NPU-Setup/Drivers/STM32N6xx_HAL_Driver/Src/stm32n6xx_hal_uart.c:4099:13:UART_DMARxOnlyAbortCallback	24	static
D:/STM32N6_WS/STM32N6-NPU-Setup/Drivers/STM32N6xx_HAL_Driver/Src/stm32n6xx_hal_uart.c:4133:13:UART_TxISR_8BIT	64	static,ignoring_inline_asm
D:/STM32N6_WS/STM32N6-NPU-Setup/Drivers/STM32N6xx_HAL_Driver/Src/stm32n6xx_hal_uart.c:4162:13:UART_TxISR_16BIT	72	static,ignoring_inline_asm
D:/STM32N6_WS/STM32N6-NPU-Setup/Drivers/STM32N6xx_HAL_Driver/Src/stm32n6xx_hal_uart.c:4194:13:UART_TxISR_8BIT_FIFOEN	72	static,ignoring_inline_asm
D:/STM32N6_WS/STM32N6-NPU-Setup/Drivers/STM32N6xx_HAL_Driver/Src/stm32n6xx_hal_uart.c:4234:13:UART_TxISR_16BIT_FIFOEN	72	static,ignoring_inline_asm
D:/STM32N6_WS/STM32N6-NPU-Setup/Drivers/STM32N6xx_HAL_Driver/Src/stm32n6xx_hal_uart.c:4275:13:UART_EndTransmit_IT	40	static,ignoring_inline_asm
D:/STM32N6_WS/STM32N6-NPU-Setup/Drivers/STM32N6xx_HAL_Driver/Src/stm32n6xx_hal_uart.c:4300:13:UART_RxISR_8BIT	120	static,ignoring_inline_asm
D:/STM32N6_WS/STM32N6-NPU-Setup/Drivers/STM32N6xx_HAL_Driver/Src/stm32n6xx_hal_uart.c:4391:13:UART_RxISR_16BIT	120	static,ignoring_inline_asm
D:/STM32N6_WS/STM32N6-NPU-Setup/Drivers/STM32N6xx_HAL_Driver/Src/stm32n6xx_hal_uart.c:4484:13:UART_RxISR_8BIT_FIFOEN	184	static,ignoring_inline_asm
D:/STM32N6_WS/STM32N6-NPU-Setup/Drivers/STM32N6xx_HAL_Driver/Src/stm32n6xx_hal_uart.c:4647:13:UART_RxISR_16BIT_FIFOEN	192	static,ignoring_inline_asm
