D:/STM32N6_WS/STM32N6-NPU-Setup/Middlewares/ST/STM32_ExtMem_Manager/sal/stm32_sal_xspi.c:158:19:SAL_XSPI_SetClock	32	static
D:/STM32N6_WS/STM32N6-NPU-Setup/Middlewares/ST/STM32_ExtMem_Manager/sal/stm32_sal_xspi.c:205:19:SAL_XSPI_Init	96	static
D:/STM32N6_WS/STM32N6-NPU-Setup/Middlewares/ST/STM32_ExtMem_Manager/sal/stm32_sal_xspi.c:245:19:SAL_XSPI_MemoryConfig	104	static
D:/STM32N6_WS/STM32N6-NPU-Setup/Middlewares/ST/STM32_ExtMem_Manager/sal/stm32_sal_xspi.c:403:19:SAL_XSPI_GetSFDP	104	static
D:/STM32N6_WS/STM32N6-NPU-Setup/Middlewares/ST/STM32_ExtMem_Manager/sal/stm32_sal_xspi.c:448:19:SAL_XSPI_GetId	104	static
D:/STM32N6_WS/STM32N6-NPU-Setup/Middlewares/ST/STM32_ExtMem_Manager/sal/stm32_sal_xspi.c:491:19:SAL_XSPI_Read	104	static
D:/STM32N6_WS/STM32N6-NPU-Setup/Middlewares/ST/STM32_ExtMem_Manager/sal/stm32_sal_xspi.c:545:19:SAL_XSPI_Write	104	static
D:/STM32N6_WS/STM32N6-NPU-Setup/Middlewares/ST/STM32_ExtMem_Manager/sal/stm32_sal_xspi.c:577:19:SAL_XSPI_CommandSendAddress	104	static
D:/STM32N6_WS/STM32N6-NPU-Setup/Middlewares/ST/STM32_ExtMem_Manager/sal/stm32_sal_xspi.c:606:19:SAL_XSPI_CommandSendData	104	static
D:/STM32N6_WS/STM32N6-NPU-Setup/Middlewares/ST/STM32_ExtMem_Manager/sal/stm32_sal_xspi.c:641:19:SAL_XSPI_SendReadCommand	104	static
D:/STM32N6_WS/STM32N6-NPU-Setup/Middlewares/ST/STM32_ExtMem_Manager/sal/stm32_sal_xspi.c:677:19:SAL_XSPI_CommandSendReadAddress	104	static
D:/STM32N6_WS/STM32N6-NPU-Setup/Middlewares/ST/STM32_ExtMem_Manager/sal/stm32_sal_xspi.c:708:19:SAL_XSPI_CheckStatusRegister	128	static
D:/STM32N6_WS/STM32N6-NPU-Setup/Middlewares/ST/STM32_ExtMem_Manager/sal/stm32_sal_xspi.c:759:19:SAL_XSPI_ConfigureWrappMode	96	static
D:/STM32N6_WS/STM32N6-NPU-Setup/Middlewares/ST/STM32_ExtMem_Manager/sal/stm32_sal_xspi.c:785:19:SAL_XSPI_EnableMapMode	112	static
D:/STM32N6_WS/STM32N6-NPU-Setup/Middlewares/ST/STM32_ExtMem_Manager/sal/stm32_sal_xspi.c:829:19:SAL_XSPI_DisableMapMode	16	static,ignoring_inline_asm
D:/STM32N6_WS/STM32N6-NPU-Setup/Middlewares/ST/STM32_ExtMem_Manager/sal/stm32_sal_xspi.c:836:19:SAL_XSPI_UpdateMemoryType	24	static
D:/STM32N6_WS/STM32N6-NPU-Setup/Middlewares/ST/STM32_ExtMem_Manager/sal/stm32_sal_xspi.c:864:19:SAL_XSPI_Abort	16	static
D:/STM32N6_WS/STM32N6-NPU-Setup/Middlewares/ST/STM32_ExtMem_Manager/sal/stm32_sal_xspi.c:884:10:XSPI_FormatCommand	24	static
D:/STM32N6_WS/STM32N6-NPU-Setup/Middlewares/ST/STM32_ExtMem_Manager/sal/stm32_sal_xspi.c:917:19:XSPI_Transmit	24	static
D:/STM32N6_WS/STM32N6-NPU-Setup/Middlewares/ST/STM32_ExtMem_Manager/sal/stm32_sal_xspi.c:959:19:XSPI_Receive	24	static
