../ll_aton/ll_aton_runtime.c:301:20:__LL_ATON_RT_Init_Network	8	static
../../Middlewares/ST/AI/Npu/ll_aton/ll_aton_runtime.h:54:22:__ll_clear_aton_owner	8	static
../../Middlewares/ST/AI/Npu/ll_aton/ll_aton_runtime.h:104:22:__LL_ATON_RT_SetWaitMask	8	static
../../Middlewares/ST/AI/Npu/ll_aton/ll_aton_NN_interface.h:467:26:EpochBlock_EpochControllerUnit	8	static
../ll_aton/ll_aton_runtime.c:183:20:__LL_ATON_RT_ExecEndEpochBlock	24	static
../ll_aton/ll_aton_runtime.c:246:13:__LL_ATON_RT_DetermineNextEpochBlock	8	static
../ll_aton/ll_aton_runtime.c:51:19:dump_dma_state	0	static
../ll_aton/ll_aton_runtime.c:757:13:__LL_ATON_RT_IrqErr	16	static
../ll_aton/ll_aton_runtime.c:367:6:LL_ATON_RT_SetRuntimeCallback	0	static
../ll_aton/ll_aton_runtime.c:380:6:LL_ATON_RT_SetEpochCallback	8	static
../ll_aton/ll_aton_runtime.c:394:6:LL_ATON_RT_SetNetworkCallback	8	static
../ll_aton/ll_aton_runtime.c:404:6:LL_ATON_RT_Init_Network	8	static
../ll_aton/ll_aton_runtime.c:445:6:LL_ATON_RT_DeInit_Network	8	static
../ll_aton/ll_aton_runtime.c:494:6:LL_ATON_RT_Reset_Network	8	static
../ll_aton/ll_aton_runtime.c:503:6:LL_ATON_RT_RuntimeInit	8	static,ignoring_inline_asm
../ll_aton/ll_aton_runtime.c:551:6:LL_ATON_RT_RuntimeDeInit	8	static,ignoring_inline_asm
../ll_aton/ll_aton_runtime.c:583:24:LL_ATON_RT_RunEpochBlock	24	static,ignoring_inline_asm
../ll_aton/ll_aton_runtime.c:940:6:NPU0_IRQHandler	24	static,ignoring_inline_asm
