../ll_aton/ll_aton_dbgtrc.c:241:5:LL_Dbgtrc_Counter_Start.constprop.isra	0	static
../ll_aton/ll_aton_dbgtrc.c:33:5:LL_Dbgtrc_Init	8	static
../ll_aton/ll_aton_dbgtrc.c:68:5:LL_Dbgtrc_Deinit	8	static
../ll_aton/ll_aton_dbgtrc.c:83:6:LL_Dbgtrc_EnableClock	0	static
../ll_aton/ll_aton_dbgtrc.c:95:6:LL_Dbgtrc_DisableClock	0	static
../ll_aton/ll_aton_dbgtrc.c:108:10:LL_Dbgtrc_Read_Stalls	0	static
../ll_aton/ll_aton_dbgtrc.c:133:5:LL_Dbgtrc_Read_IStall	0	static
../ll_aton/ll_aton_dbgtrc.c:149:5:LL_Dbgtrc_Read_OStall	0	static
../ll_aton/ll_aton_dbgtrc.c:167:5:LL_Dbgtrc_Trigger_Init	0	static
../ll_aton/ll_aton_dbgtrc.c:186:5:LL_Dbgtrc_Trigger_Swtrig	0	static
../ll_aton/ll_aton_dbgtrc.c:200:5:LL_Dbgtrc_Trigger_GetOVR	0	static
../ll_aton/ll_aton_dbgtrc.c:216:5:LL_Dbgtrc_Counter_Init	8	static
../ll_aton/ll_aton_dbgtrc.c:241:5:LL_Dbgtrc_Counter_Start	0	static
../ll_aton/ll_aton_dbgtrc.c:258:5:LL_Dbgtrc_Counter_Stop	0	static
../ll_aton/ll_aton_dbgtrc.c:275:10:LL_Dbgtrc_Counter_Read	0	static
../ll_aton/ll_aton_dbgtrc.c:287:5:LL_Dbgtrc_Counter_BindStart	0	static
../ll_aton/ll_aton_dbgtrc.c:306:5:LL_Dbgtrc_Counter_BindStop	0	static
../ll_aton/ll_aton_dbgtrc.c:323:5:LL_Dbgtrc_Counter_StopWatch	40	static
../ll_aton/ll_aton_dbgtrc.c:503:5:LL_Dbgtrc_Count_IRQs	32	static
../ll_aton/ll_aton_dbgtrc.c:529:5:LL_Dbgtrc_Count_Epoch_Len	32	static
../ll_aton/ll_aton_dbgtrc.c:560:5:LL_Dbgtrc_Count_Stalls	32	static
../ll_aton/ll_aton_dbgtrc.c:587:5:LL_Dbgtrc_Count_StrengActive_Config	48	static
../ll_aton/ll_aton_dbgtrc.c:630:5:LL_Dbgtrc_Count_StrengActive_Start	16	static
../ll_aton/ll_aton_dbgtrc.c:651:5:LL_Dbgtrc_Count_StrengActive_Stop	24	static
../ll_aton/ll_aton_dbgtrc.c:671:5:LL_Dbgtrc_Count_StrengActive_Print	32	static
../ll_aton/ll_aton_dbgtrc.c:697:14:LL_Dbgtrc_Count_StrengActive_GetMAX	20	static
../ll_aton/ll_aton_dbgtrc.c:738:5:LL_Dbgtrc_Count_StrengHENV_Config	40	static
../ll_aton/ll_aton_dbgtrc.c:769:5:LL_Dbgtrc_Count_StrengHENV_Start	16	static
../ll_aton/ll_aton_dbgtrc.c:786:5:LL_Dbgtrc_Count_StrengHENV_Stop	0	static
../ll_aton/ll_aton_dbgtrc.c:803:5:LL_Dbgtrc_Count_StrengHENV_Print	32	static
../ll_aton/ll_aton_dbgtrc.c:833:5:LL_Dbgtrc_Count_BurstsLen	40	static
../ll_aton/ll_aton_dbgtrc.c:860:5:LL_Dbgtrc_BurstLenBenchStart	8	static
../ll_aton/ll_aton_dbgtrc.c:875:5:LL_Dbgtrc_BurstLenGet	4	static
../ll_aton/ll_aton_dbgtrc.c:892:5:LL_Dbgtrc_GetTotalTranfers	80	static
../ll_aton/ll_aton_dbgtrc.c:926:5:LL_Dbgtrc_LogTransfers	96	static
../ll_aton/ll_aton_dbgtrc.c:957:5:LL_Dbgtrc_LogTransfers_epoch	24	static
../ll_aton/ll_aton_dbgtrc.c:1005:5:LL_Dbgtrc_Count_ExtTrigger	32	static
../ll_aton/ll_aton_dbgtrc.c:1020:5:LL_Dbgtrc_SynchronousCountersTest	48	static
