../ll_aton/ll_aton.c:1205:24:decun_inc_page_addr	0	static
../ll_aton/ll_aton.c:128:16:LL_Address_Physical2Virtual	0	static
../ll_aton/ll_aton.c:133:16:LL_Address_Virtual2Physical	0	static
../ll_aton/ll_aton.c:143:18:startWatchdog	0	static
../ll_aton/ll_aton.c:154:18:checkWatchdog	0	static
../ll_aton/ll_aton.c:167:5:LL_ATON_Init	40	static
../ll_aton/ll_aton.c:269:5:LL_ATON_DeInit	0	static
../ll_aton/ll_aton.c:301:5:LL_ATON_EnableUnits_Init	20	static
../ll_aton/ll_aton.c:462:5:LL_Streng_Wait	16	static
../ll_aton/ll_aton.c:811:5:LL_TriggerHigh	0	static
../ll_aton/ll_aton.c:826:5:LL_TriggerLow	0	static
../ll_aton/ll_aton.c:836:10:__atonn_getSrcPortID	16	static
../ll_aton/ll_aton.c:905:10:__atonn_getDstPortID	16	static
../ll_aton/ll_aton.c:980:5:LL_Switch_Init_NoReset	12	static
../ll_aton/ll_aton.c:1030:5:LL_Switch_Init	0	static
../ll_aton/ll_aton.c:1050:5:LL_Switch_Deinit	12	static
../ll_aton/ll_aton.c:1073:5:LL_Switch_Deinit_Fine_Grained	12	static
../ll_aton/ll_aton.c:2449:5:LL_EpochCtrl_Step	0	static
../ll_aton/ll_aton.c:2465:5:LL_EpochCtrl_Wait	16	static
../ll_aton/ll_aton.c:2495:14:LL_EpochCtrl_GetBlobSize	0	static
../ll_aton/ll_aton.c:2502:6:LL_ATON_EnableClock	12	static
../ll_aton/ll_aton.c:494:5:LL_Streng_TensorInit	48	static
../ll_aton/ll_aton.c:781:5:LL_Streng_ExtSyncInit	16	static
../ll_aton/ll_aton.c:1566:5:LL_Decun_Init	48	static
../ll_aton/ll_aton.c:1620:5:LL_Convacc_Init	32	static
../ll_aton/ll_aton.c:1859:5:LL_Activacc_Init	24	static
../ll_aton/ll_aton.c:2028:5:LL_Arithacc_Init	80	static
../ll_aton/ll_aton.c:2291:5:LL_Poolacc_Init	24	static
../ll_aton/ll_aton.c:2421:5:LL_EpochCtrl_Init	8	static
../ll_aton/ll_aton.c:2509:6:LL_ATON_DisableClock	12	static
../ll_aton/ll_aton.c:381:5:LL_ATON_DisableUnits_Init	16	static
../ll_aton/ll_aton.c:2535:20:LL_ATON_Dma_memcpy	200	static
