../ll_aton/ll_aton_debug.c:69:37:__get_buffer	16	static
../ll_aton/ll_aton_debug.c:105:14:Q_to_floating.isra	0	static
../../Middlewares/ST/AI/Npu/ll_aton/ll_aton_NN_interface.h:509:26:LL_Buffer_bits.isra	0	static
../../Middlewares/ST/AI/Npu/ll_aton/ll_aton_NN_interface.h:489:32:LL_Buffer_addr_start	0	static
../ll_aton/ll_aton_debug.c:95:13:__set_all_buffers	16	static
../ll_aton/ll_aton_debug.c:64:20:LL_ATON_physical_to_virtual	0	static
../ll_aton/ll_aton_debug.c:850:13:__dump_buffer.part.0	112	static
../ll_aton/ll_aton_debug.c:928:13:__dump_epoch_buffers	16	static
../ll_aton/ll_aton_debug.c:941:7:get_buffer	24	static
../ll_aton/ll_aton_debug.c:954:5:get_buffer_info	24	static
../ll_aton/ll_aton_debug.c:968:6:set_all_buffers	16	static
../ll_aton/ll_aton_debug.c:978:6:dump_buffer	8	static
../ll_aton/ll_aton_debug.c:985:6:dump_all_buffers	16	static
../ll_aton/ll_aton_debug.c:997:6:dump_epoch_buffers	16	static
../ll_aton/ll_aton_debug.c:1006:14:get_params_len	8	static
