D:/STM32N6_WS/STM32N6-NPU-Setup/Drivers/STM32N6xx_HAL_Driver/Src/stm32n6xx_hal_cacheaxi.c:1370:26:CACHEAXI_CommandByAddr	16	static
D:/STM32N6_WS/STM32N6-NPU-Setup/Drivers/STM32N6xx_HAL_Driver/Src/stm32n6xx_hal_cacheaxi.c:285:13:HAL_CACHEAXI_MspInit	0	static
D:/STM32N6_WS/STM32N6-NPU-Setup/Drivers/STM32N6xx_HAL_Driver/Src/stm32n6xx_hal_cacheaxi.c:301:13:HAL_CACHEAXI_MspDeInit	0	static
D:/STM32N6_WS/STM32N6-NPU-Setup/Drivers/STM32N6xx_HAL_Driver/Src/stm32n6xx_hal_cacheaxi.c:350:19:HAL_CACHEAXI_Enable	16	static
D:/STM32N6_WS/STM32N6-NPU-Setup/Drivers/STM32N6xx_HAL_Driver/Src/stm32n6xx_hal_cacheaxi.c:177:20:HAL_CACHEAXI_Init	8	static
D:/STM32N6_WS/STM32N6-NPU-Setup/Drivers/STM32N6xx_HAL_Driver/Src/stm32n6xx_hal_cacheaxi.c:404:19:HAL_CACHEAXI_Disable	16	static
D:/STM32N6_WS/STM32N6-NPU-Setup/Drivers/STM32N6xx_HAL_Driver/Src/stm32n6xx_hal_cacheaxi.c:463:10:HAL_CACHEAXI_IsEnabled	0	static
D:/STM32N6_WS/STM32N6-NPU-Setup/Drivers/STM32N6xx_HAL_Driver/Src/stm32n6xx_hal_cacheaxi.c:475:19:HAL_CACHEAXI_Invalidate	16	static
D:/STM32N6_WS/STM32N6-NPU-Setup/Drivers/STM32N6xx_HAL_Driver/Src/stm32n6xx_hal_cacheaxi.c:548:19:HAL_CACHEAXI_CleanByAddr	16	static
D:/STM32N6_WS/STM32N6-NPU-Setup/Drivers/STM32N6xx_HAL_Driver/Src/stm32n6xx_hal_cacheaxi.c:577:19:HAL_CACHEAXI_CleanInvalidByAddr	16	static
D:/STM32N6_WS/STM32N6-NPU-Setup/Drivers/STM32N6xx_HAL_Driver/Src/stm32n6xx_hal_cacheaxi.c:606:19:HAL_CACHEAXI_Invalidate_IT	0	static
D:/STM32N6_WS/STM32N6-NPU-Setup/Drivers/STM32N6xx_HAL_Driver/Src/stm32n6xx_hal_cacheaxi.c:660:19:HAL_CACHEAXI_CleanByAddr_IT	16	static
D:/STM32N6_WS/STM32N6-NPU-Setup/Drivers/STM32N6xx_HAL_Driver/Src/stm32n6xx_hal_cacheaxi.c:691:19:HAL_CACHEAXI_CleanInvalidByAddr_IT	16	static
D:/STM32N6_WS/STM32N6-NPU-Setup/Drivers/STM32N6xx_HAL_Driver/Src/stm32n6xx_hal_cacheaxi.c:728:19:HAL_CACHEAXI_Monitor_Start	0	static
D:/STM32N6_WS/STM32N6-NPU-Setup/Drivers/STM32N6xx_HAL_Driver/Src/stm32n6xx_hal_cacheaxi.c:763:19:HAL_CACHEAXI_Monitor_Stop	0	static
D:/STM32N6_WS/STM32N6-NPU-Setup/Drivers/STM32N6xx_HAL_Driver/Src/stm32n6xx_hal_cacheaxi.c:797:19:HAL_CACHEAXI_Monitor_Reset	0	static
D:/STM32N6_WS/STM32N6-NPU-Setup/Drivers/STM32N6xx_HAL_Driver/Src/stm32n6xx_hal_cacheaxi.c:230:19:HAL_CACHEAXI_DeInit	16	static
D:/STM32N6_WS/STM32N6-NPU-Setup/Drivers/STM32N6xx_HAL_Driver/Src/stm32n6xx_hal_cacheaxi.c:823:10:HAL_CACHEAXI_Monitor_GetReadHitValue	0	static
D:/STM32N6_WS/STM32N6-NPU-Setup/Drivers/STM32N6xx_HAL_Driver/Src/stm32n6xx_hal_cacheaxi.c:839:10:HAL_CACHEAXI_Monitor_GetReadMissValue	0	static
D:/STM32N6_WS/STM32N6-NPU-Setup/Drivers/STM32N6xx_HAL_Driver/Src/stm32n6xx_hal_cacheaxi.c:855:10:HAL_CACHEAXI_Monitor_GetWriteHitValue	0	static
D:/STM32N6_WS/STM32N6-NPU-Setup/Drivers/STM32N6xx_HAL_Driver/Src/stm32n6xx_hal_cacheaxi.c:871:10:HAL_CACHEAXI_Monitor_GetWriteMissValue	0	static
D:/STM32N6_WS/STM32N6-NPU-Setup/Drivers/STM32N6xx_HAL_Driver/Src/stm32n6xx_hal_cacheaxi.c:887:10:HAL_CACHEAXI_Monitor_GetReadAllocMissValue	0	static
D:/STM32N6_WS/STM32N6-NPU-Setup/Drivers/STM32N6xx_HAL_Driver/Src/stm32n6xx_hal_cacheaxi.c:903:10:HAL_CACHEAXI_Monitor_GetWriteAllocMissValue	0	static
D:/STM32N6_WS/STM32N6-NPU-Setup/Drivers/STM32N6xx_HAL_Driver/Src/stm32n6xx_hal_cacheaxi.c:919:10:HAL_CACHEAXI_Monitor_GetWriteThroughValue	0	static
D:/STM32N6_WS/STM32N6-NPU-Setup/Drivers/STM32N6xx_HAL_Driver/Src/stm32n6xx_hal_cacheaxi.c:935:10:HAL_CACHEAXI_Monitor_GetEvictionValue	0	static
D:/STM32N6_WS/STM32N6-NPU-Setup/Drivers/STM32N6xx_HAL_Driver/Src/stm32n6xx_hal_cacheaxi.c:1248:13:HAL_CACHEAXI_CleanByAddrCallback	0	static
D:/STM32N6_WS/STM32N6-NPU-Setup/Drivers/STM32N6xx_HAL_Driver/Src/stm32n6xx_hal_cacheaxi.c:1264:13:HAL_CACHEAXI_CleanAndInvalidateByAddrCallback	0	static
D:/STM32N6_WS/STM32N6-NPU-Setup/Drivers/STM32N6xx_HAL_Driver/Src/stm32n6xx_hal_cacheaxi.c:1280:13:HAL_CACHEAXI_InvalidateCompleteCallback	0	static
D:/STM32N6_WS/STM32N6-NPU-Setup/Drivers/STM32N6xx_HAL_Driver/Src/stm32n6xx_hal_cacheaxi.c:1296:13:HAL_CACHEAXI_ErrorCallback	0	static
D:/STM32N6_WS/STM32N6-NPU-Setup/Drivers/STM32N6xx_HAL_Driver/Src/stm32n6xx_hal_cacheaxi.c:951:6:HAL_CACHEAXI_IRQHandler	8	static
D:/STM32N6_WS/STM32N6-NPU-Setup/Drivers/STM32N6xx_HAL_Driver/Src/stm32n6xx_hal_cacheaxi.c:1330:27:HAL_CACHEAXI_GetState	0	static
D:/STM32N6_WS/STM32N6-NPU-Setup/Drivers/STM32N6xx_HAL_Driver/Src/stm32n6xx_hal_cacheaxi.c:1342:10:HAL_CACHEAXI_GetError	0	static
