Archive member included to satisfy reference by file (symbol)

D:/Download/STM32CubeIDE_1.18.1/STM32CubeIDE/plugins/com.st.stm32cube.ide.mcu.externaltools.gnu-tools-for-stm32.13.3.rel1.win32_1.0.0.202411081344/tools/bin/../lib/gcc/arm-none-eabi/13.3.1/../../../../arm-none-eabi/lib/thumb/v8-m.main+dp/hard\libc_nano.a(libc_a-exit.o)
                              D:/Download/STM32CubeIDE_1.18.1/STM32CubeIDE/plugins/com.st.stm32cube.ide.mcu.externaltools.gnu-tools-for-stm32.13.3.rel1.win32_1.0.0.202411081344/tools/bin/../lib/gcc/arm-none-eabi/13.3.1/../../../../arm-none-eabi/lib/thumb/v8-m.main+dp/hard/crt0.o (exit)
D:/Download/STM32CubeIDE_1.18.1/STM32CubeIDE/plugins/com.st.stm32cube.ide.mcu.externaltools.gnu-tools-for-stm32.13.3.rel1.win32_1.0.0.202411081344/tools/bin/../lib/gcc/arm-none-eabi/13.3.1/../../../../arm-none-eabi/lib/thumb/v8-m.main+dp/hard\libc_nano.a(libc_a-findfp.o)
                              D:/Download/STM32CubeIDE_1.18.1/STM32CubeIDE/plugins/com.st.stm32cube.ide.mcu.externaltools.gnu-tools-for-stm32.13.3.rel1.win32_1.0.0.202411081344/tools/bin/../lib/gcc/arm-none-eabi/13.3.1/../../../../arm-none-eabi/lib/thumb/v8-m.main+dp/hard\libc_nano.a(libc_a-exit.o) (__stdio_exit_handler)
D:/Download/STM32CubeIDE_1.18.1/STM32CubeIDE/plugins/com.st.stm32cube.ide.mcu.externaltools.gnu-tools-for-stm32.13.3.rel1.win32_1.0.0.202411081344/tools/bin/../lib/gcc/arm-none-eabi/13.3.1/../../../../arm-none-eabi/lib/thumb/v8-m.main+dp/hard\libc_nano.a(libc_a-fwalk.o)
                              D:/Download/STM32CubeIDE_1.18.1/STM32CubeIDE/plugins/com.st.stm32cube.ide.mcu.externaltools.gnu-tools-for-stm32.13.3.rel1.win32_1.0.0.202411081344/tools/bin/../lib/gcc/arm-none-eabi/13.3.1/../../../../arm-none-eabi/lib/thumb/v8-m.main+dp/hard\libc_nano.a(libc_a-findfp.o) (_fwalk_sglue)
D:/Download/STM32CubeIDE_1.18.1/STM32CubeIDE/plugins/com.st.stm32cube.ide.mcu.externaltools.gnu-tools-for-stm32.13.3.rel1.win32_1.0.0.202411081344/tools/bin/../lib/gcc/arm-none-eabi/13.3.1/../../../../arm-none-eabi/lib/thumb/v8-m.main+dp/hard\libc_nano.a(libc_a-stdio.o)
                              D:/Download/STM32CubeIDE_1.18.1/STM32CubeIDE/plugins/com.st.stm32cube.ide.mcu.externaltools.gnu-tools-for-stm32.13.3.rel1.win32_1.0.0.202411081344/tools/bin/../lib/gcc/arm-none-eabi/13.3.1/../../../../arm-none-eabi/lib/thumb/v8-m.main+dp/hard\libc_nano.a(libc_a-findfp.o) (__sread)
D:/Download/STM32CubeIDE_1.18.1/STM32CubeIDE/plugins/com.st.stm32cube.ide.mcu.externaltools.gnu-tools-for-stm32.13.3.rel1.win32_1.0.0.202411081344/tools/bin/../lib/gcc/arm-none-eabi/13.3.1/../../../../arm-none-eabi/lib/thumb/v8-m.main+dp/hard\libc_nano.a(libc_a-memset.o)
                              D:/Download/STM32CubeIDE_1.18.1/STM32CubeIDE/plugins/com.st.stm32cube.ide.mcu.externaltools.gnu-tools-for-stm32.13.3.rel1.win32_1.0.0.202411081344/tools/bin/../lib/gcc/arm-none-eabi/13.3.1/../../../../arm-none-eabi/lib/thumb/v8-m.main+dp/hard/crt0.o (memset)
D:/Download/STM32CubeIDE_1.18.1/STM32CubeIDE/plugins/com.st.stm32cube.ide.mcu.externaltools.gnu-tools-for-stm32.13.3.rel1.win32_1.0.0.202411081344/tools/bin/../lib/gcc/arm-none-eabi/13.3.1/../../../../arm-none-eabi/lib/thumb/v8-m.main+dp/hard\libc_nano.a(libc_a-closer.o)
                              D:/Download/STM32CubeIDE_1.18.1/STM32CubeIDE/plugins/com.st.stm32cube.ide.mcu.externaltools.gnu-tools-for-stm32.13.3.rel1.win32_1.0.0.202411081344/tools/bin/../lib/gcc/arm-none-eabi/13.3.1/../../../../arm-none-eabi/lib/thumb/v8-m.main+dp/hard\libc_nano.a(libc_a-stdio.o) (_close_r)
D:/Download/STM32CubeIDE_1.18.1/STM32CubeIDE/plugins/com.st.stm32cube.ide.mcu.externaltools.gnu-tools-for-stm32.13.3.rel1.win32_1.0.0.202411081344/tools/bin/../lib/gcc/arm-none-eabi/13.3.1/../../../../arm-none-eabi/lib/thumb/v8-m.main+dp/hard\libc_nano.a(libc_a-reent.o)
                              D:/Download/STM32CubeIDE_1.18.1/STM32CubeIDE/plugins/com.st.stm32cube.ide.mcu.externaltools.gnu-tools-for-stm32.13.3.rel1.win32_1.0.0.202411081344/tools/bin/../lib/gcc/arm-none-eabi/13.3.1/../../../../arm-none-eabi/lib/thumb/v8-m.main+dp/hard\libc_nano.a(libc_a-closer.o) (errno)
D:/Download/STM32CubeIDE_1.18.1/STM32CubeIDE/plugins/com.st.stm32cube.ide.mcu.externaltools.gnu-tools-for-stm32.13.3.rel1.win32_1.0.0.202411081344/tools/bin/../lib/gcc/arm-none-eabi/13.3.1/../../../../arm-none-eabi/lib/thumb/v8-m.main+dp/hard\libc_nano.a(libc_a-impure.o)
                              D:/Download/STM32CubeIDE_1.18.1/STM32CubeIDE/plugins/com.st.stm32cube.ide.mcu.externaltools.gnu-tools-for-stm32.13.3.rel1.win32_1.0.0.202411081344/tools/bin/../lib/gcc/arm-none-eabi/13.3.1/../../../../arm-none-eabi/lib/thumb/v8-m.main+dp/hard\libc_nano.a(libc_a-reent.o) (_impure_ptr)
D:/Download/STM32CubeIDE_1.18.1/STM32CubeIDE/plugins/com.st.stm32cube.ide.mcu.externaltools.gnu-tools-for-stm32.13.3.rel1.win32_1.0.0.202411081344/tools/bin/../lib/gcc/arm-none-eabi/13.3.1/../../../../arm-none-eabi/lib/thumb/v8-m.main+dp/hard\libc_nano.a(libc_a-lseekr.o)
[...]
Memory Configuration

Name             Origin             Length             Attributes
ROM              0x34180400         0x0003fc00         xrw
RAM              0x341c0000         0x00040000         xrw
*default*        0x00000000         0xffffffff

Linker script and memory map

LOAD D:/Download/STM32CubeIDE_1.18.1/STM32CubeIDE/plugins/com.st.stm32cube.ide.mcu.externaltools.gnu-tools-for-stm32.13.3.rel1.win32_1.0.0.202411081344/tools/bin/../lib/gcc/arm-none-eabi/13.3.1/thumb/v8-m.main+dp/hard/crti.o
LOAD D:/Download/STM32CubeIDE_1.18.1/STM32CubeIDE/plugins/com.st.stm32cube.ide.mcu.externaltools.gnu-tools-for-stm32.13.3.rel1.win32_1.0.0.202411081344/tools/bin/../lib/gcc/arm-none-eabi/13.3.1/thumb/v8-m.main+dp/hard/crtbegin.o
LOAD D:/Download/STM32CubeIDE_1.18.1/STM32CubeIDE/plugins/com.st.stm32cube.ide.mcu.externaltools.gnu-tools-for-stm32.13.3.rel1.win32_1.0.0.202411081344/tools/bin/../lib/gcc/arm-none-eabi/13.3.1/../../../../arm-none-eabi/lib/thumb/v8-m.main+dp/hard/crt0.o
LOAD ./Core/Src/extmem_manager.o
LOAD ./Core/Src/main.o
LOAD ./Core/Src/stm32n6xx_hal_msp.o
LOAD ./Core/Src/stm32n6xx_it.o
LOAD ./Core/Src/syscalls.o
LOAD ./Core/Src/sysmem.o
LOAD ./Core/Src/system_stm32n6xx_fsbl.o
LOAD ./Core/Startup/startup_stm32n657x0hxq_fsbl.o
LOAD ./Drivers/BSP/STM32N6xx_Nucleo/stm32n6xx_nucleo.o
LOAD ./Drivers/STM32N6xx_HAL_Driver/stm32n6xx_hal.o
LOAD ./Drivers/STM32N6xx_HAL_Driver/stm32n6xx_hal_bsec.o
LOAD ./Drivers/STM32N6xx_HAL_Driver/stm32n6xx_hal_cortex.o
LOAD ./Drivers/STM32N6xx_HAL_Driver/stm32n6xx_hal_dma.o
LOAD ./Drivers/STM32N6xx_HAL_Driver/stm32n6xx_hal_dma_ex.o
LOAD ./Drivers/STM32N6xx_HAL_Driver/stm32n6xx_hal_exti.o
LOAD ./Drivers/STM32N6xx_HAL_Driver/stm32n6xx_hal_gpio.o
LOAD ./Drivers/STM32N6xx_HAL_Driver/stm32n6xx_hal_pwr.o
LOAD ./Drivers/STM32N6xx_HAL_Driver/stm32n6xx_hal_pwr_ex.o
LOAD ./Drivers/STM32N6xx_HAL_Driver/stm32n6xx_hal_rcc.o
LOAD ./Drivers/STM32N6xx_HAL_Driver/stm32n6xx_hal_rcc_ex.o
LOAD ./Drivers/STM32N6xx_HAL_Driver/stm32n6xx_hal_uart.o
LOAD ./Drivers/STM32N6xx_HAL_Driver/stm32n6xx_hal_uart_ex.o
LOAD ./Drivers/STM32N6xx_HAL_Driver/stm32n6xx_hal_usart.o
LOAD ./Drivers/STM32N6xx_HAL_Driver/stm32n6xx_hal_usart_ex.o
LOAD ./Drivers/STM32N6xx_HAL_Driver/stm32n6xx_hal_xspi.o
LOAD ./Middlewares/ST/STM32_ExtMem_Manager/stm32_boot_lrun.o
LOAD ./Middlewares/ST/STM32_ExtMem_Manager/stm32_extmem.o
LOAD ./Middlewares/ST/STM32_ExtMem_Manager/stm32_psram_driver.o
LOAD ./Middlewares/ST/STM32_ExtMem_Manager/stm32_sal_sd.o
LOAD ./Middlewares/ST/STM32_ExtMem_Manager/stm32_sal_xspi.o
LOAD ./Middlewares/ST/STM32_ExtMem_Manager/stm32_sdcard_driver.o
LOAD ./Middlewares/ST/STM32_ExtMem_Manager/stm32_sfdp_data.o
LOAD ./Middlewares/ST/STM32_ExtMem_Manager/stm32_sfdp_driver.o
LOAD ./Middlewares/ST/STM32_ExtMem_Manager/stm32_user_driver.o
START GROUP
LOAD D:/Download/STM32CubeIDE_1.18.1/STM32CubeIDE/plugins/com.st.stm32cube.ide.mcu.externaltools.gnu-tools-for-stm32.13.3.rel1.win32_1.0.0.202411081344/tools/bin/../lib/gcc/arm-none-eabi/13.3.1/../../../../arm-none-eabi/lib/thumb/v8-m.main+dp/hard\libc_nano.a
LOAD D:/Download/STM32CubeIDE_1.18.1/STM32CubeIDE/plugins/com.st.stm32cube.ide.mcu.externaltools.gnu-tools-for-stm32.13.3.rel1.win32_1.0.0.202411081344/tools/bin/../lib/gcc/arm-none-eabi/13.3.1/../../../../arm-none-eabi/lib/thumb/v8-m.main+dp/hard\libm.a
END GROUP
START GROUP
LOAD D:/Download/STM32CubeIDE_1.18.1/STM32CubeIDE/plugins/com.st.stm32cube.ide.mcu.externaltools.gnu-tools-for-stm32.13.3.rel1.win32_1.0.0.202411081344/tools/bin/../lib/gcc/arm-none-eabi/13.3.1/thumb/v8-m.main+dp/hard\libgcc.a
LOAD D:/Download/STM32CubeIDE_1.18.1/STM32CubeIDE/plugins/com.st.stm32cube.ide.mcu.externaltools.gnu-tools-for-stm32.13.3.rel1.win32_1.0.0.202411081344/tools/bin/../lib/gcc/arm-none-eabi/13.3.1/../../../../arm-none-eabi/lib/thumb/v8-m.main+dp/hard\libc_nano.a
END GROUP
START GROUP
LOAD D:/Download/STM32CubeIDE_1.18.1/STM32CubeIDE/plugins/com.st.stm32cube.ide.mcu.externaltools.gnu-tools-for-stm32.13.3.rel1.win32_1.0.0.202411081344/tools/bin/../lib/gcc/arm-none-eabi/13.3.1/thumb/v8-m.main+dp/hard\libgcc.a
LOAD D:/Download/STM32CubeIDE_1.18.1/STM32CubeIDE/plugins/com.st.stm32cube.ide.mcu.externaltools.gnu-tools-for-stm32.13.3.rel1.win32_1.0.0.202411081344/tools/bin/../lib/gcc/arm-none-eabi/13.3.1/../../../../arm-none-eabi/lib/thumb/v8-m.main+dp/hard\libc_nano.a
LOAD D:/Download/STM32CubeIDE_1.18.1/STM32CubeIDE/plugins/com.st.stm32cube.ide.mcu.externaltools.gnu-tools-for-stm32.13.3.rel1.win32_1.0.0.202411081344/tools/bin/../lib/gcc/arm-none-eabi/13.3.1/../../../../arm-none-eabi/lib/thumb/v8-m.main+dp/hard\libnosys.a
END GROUP
START GROUP
LOAD D:/Download/STM32CubeIDE_1.18.1/STM32CubeIDE/plugins/com.st.stm32cube.ide.mcu.externaltools.gnu-tools-for-stm32.13.3.rel1.win32_1.0.0.202411081344/tools/bin/../lib/gcc/arm-none-eabi/13.3.1/thumb/v8-m.main+dp/hard\libgcc.a
LOAD D:/Download/STM32CubeIDE_1.18.1/STM32CubeIDE/plugins/com.st.stm32cube.ide.mcu.externaltools.gnu-tools-for-stm32.13.3.rel1.win32_1.0.0.202411081344/tools/bin/../lib/gcc/arm-none-eabi/13.3.1/../../../../arm-none-eabi/lib/thumb/v8-m.main+dp/hard\libc_nano.a
LOAD D:/Download/STM32CubeIDE_1.18.1/STM32CubeIDE/plugins/com.st.stm32cube.ide.mcu.externaltools.gnu-tools-for-stm32.13.3.rel1.win32_1.0.0.202411081344/tools/bin/../lib/gcc/arm-none-eabi/13.3.1/../../../../arm-none-eabi/lib/thumb/v8-m.main+dp/hard\libnosys.a
END GROUP
LOAD D:/Download/STM32CubeIDE_1.18.1/STM32CubeIDE/plugins/com.st.stm32cube.ide.mcu.externaltools.gnu-tools-for-stm32.13.3.rel1.win32_1.0.0.202411081344/tools/bin/../lib/gcc/arm-none-eabi/13.3.1/thumb/v8-m.main+dp/hard/crtend.o
LOAD D:/Download/STM32CubeIDE_1.18.1/STM32CubeIDE/plugins/com.st.stm32cube.ide.mcu.externaltools.gnu-tools-for-stm32.13.3.rel1.win32_1.0.0.202411081344/tools/bin/../lib/gcc/arm-none-eabi/13.3.1/thumb/v8-m.main+dp/hard/crtn.o
                0x34200000                        _estack = (ORIGIN (RAM) + LENGTH (RAM))
                0x341ff800                        _sstack = (_estack - _Min_Stack_Size)
                0x00000200                        _Min_Heap_Size = 0x200
                0x00000800                        _Min_Stack_Size = 0x800

.isr_vector     0x34180400      0x34c
                0x34180400                        . = ALIGN (0x4)
 *(.isr_vector)
 .isr_vector    0x34180400      0x34c ./Core/Startup/startup_stm32n657x0hxq_fsbl.o
                0x34180400                g_pfnVectors
                0x3418074c                        . = ALIGN (0x4)

.text           0x3418074c     0xecdc
                0x3418074c                        . = ALIGN (0x4)
 *(.text)
 .text          0x3418074c       0x40 D:/Download/STM32CubeIDE_1.18.1/STM32CubeIDE/plugins/com.st.stm32cube.ide.mcu.externaltools.gnu-tools-for-stm32.13.3.rel1.win32_1.0.0.202411081344/tools/bin/../lib/gcc/arm-none-eabi/13.3.1/thumb/v8-m.main+dp/hard/crtbegin.o
 *(.text*)
 .text.MX_EXTMEM_MANAGER_Init
                0x3418078c       0x44 ./Core/Src/extmem_manager.o
                0x3418078c                MX_EXTMEM_MANAGER_Init
 .text.LL_AHB4_GRP1_EnableClock
                0x341807d0       0x2c ./Core/Src/main.o
 .text.main     0x341807fc      0x11c ./Core/Src/main.o
                0x341807fc                main
 .text.SystemClock_Config
                0x34180918      0x1b8 ./Core/Src/main.o
                0x34180918                SystemClock_Config
 .text.MX_BSEC_Init
                0x34180ad0        0xe ./Core/Src/main.o
 *fill*         0x34180ade        0x2 
 .text.MX_XSPI2_Init
                0x34180ae0       0xb8 ./Core/Src/main.o
 .text.MX_GPIO_Init
                0x34180b98       0xf0 ./Core/Src/main.o
 .text.Error_Handler
                0x34180c88        0xc ./Core/Src/main.o
                0x34180c88                Error_Handler
 .text.LL_AHB4_GRP1_EnableClock
                0x34180c94       0x2c ./Core/Src/stm32n6xx_hal_msp.o
 .text.LL_AHB5_GRP1_EnableClock
                0x34180cc0       0x2c ./Core/Src/stm32n6xx_hal_msp.o
 .text.LL_APB4_GRP2_EnableClock
                0x34180cec       0x2c ./Core/Src/stm32n6xx_hal_msp.o
 .text.HAL_MspInit
                0x34180d18       0x14 ./Core/Src/stm32n6xx_hal_msp.o
                0x34180d18                HAL_MspInit
 .text.HAL_XSPI_MspInit
                0x34180d2c      0x154 ./Core/Src/stm32n6xx_hal_msp.o
                0x34180d2c                HAL_XSPI_MspInit
 .text.NMI_Handler
                0x34180e80        0x8 ./Core/Src/stm32n6xx_it.o
                0x34180e80                NMI_Handler
 .text.HardFault_Handler
                0x34180e88        0x8 ./Core/Src/stm32n6xx_it.o
                0x34180e88                HardFault_Handler
 .text.MemManage_Handler
                0x34180e90        0x8 ./Core/Src/stm32n6xx_it.o
                0x34180e90                MemManage_Handler
 .text.BusFault_Handler
                0x34180e98        0x8 ./Core/Src/stm32n6xx_it.o
                0x34180e98                BusFault_Handler
 .text.UsageFault_Handler
                0x34180ea0        0x8 ./Core/Src/stm32n6xx_it.o
                0x34180ea0                UsageFault_Handler
 .text.SecureFault_Handler
                0x34180ea8        0x8 ./Core/Src/stm32n6xx_it.o
                0x34180ea8                SecureFault_Handler
 .text.SVC_Handler
                0x34180eb0        0xe ./Core/Src/stm32n6xx_it.o
                0x34180eb0                SVC_Handler
 .text.DebugMon_Handler
                0x34180ebe        0xe ./Core/Src/stm32n6xx_it.o
                0x34180ebe                DebugMon_Handler
 .text.PendSV_Handler
                0x34180ecc        0xe ./Core/Src/stm32n6xx_it.o
                0x34180ecc                PendSV_Handler
 .text.SysTick_Handler
                0x34180eda        0xc ./Core/Src/stm32n6xx_it.o
                0x34180eda                SysTick_Handler
 *fill*         0x34180ee6        0x2 
 .text.SystemInit
                0x34180ee8      0x1cc ./Core/Src/system_stm32n6xx_fsbl.o
                0x34180ee8                SystemInit
 .text.SystemCoreClockUpdate
                0x341810b4      0x350 ./Core/Src/system_stm32n6xx_fsbl.o
                0x341810b4                SystemCoreClockUpdate
 .text.SECURE_SystemCoreClockUpdate
                0x34181404       0x2c ./Core/Src/system_stm32n6xx_fsbl.o
                0x34181404                __acle_se_SECURE_SystemCoreClockUpdate
 .text.Reset_Handler
                0x34181430       0x5c ./Core/Startup/startup_stm32n657x0hxq_fsbl.o
                0x34181430                Reset_Handler
 .text.Default_Handler
                0x3418148c        0x2 ./Core/Startup/startup_stm32n657x0hxq_fsbl.o
                0x3418148c                HPDMA1_Channel13_IRQHandler
                0x3418148c                EXTI2_IRQHandler
                0x3418148c                MCE2_IRQHandler
                0x3418148c                TIM8_CC_IRQHandler
                0x3418148c                USB2_OTG_HS_IRQHandler
                0x3418148c                SAI1_A_IRQHandler
                0x3418148c                EXTI5_IRQHandler
                0x3418148c                I3C1_ER_IRQHandler
                0x3418148c                UART8_IRQHandler
                0x3418148c                CTI_INT0_IRQHandler
                0x3418148c                SPI4_IRQHandler
                0x3418148c                LTDC_LO_IRQHandler
                0x3418148c                NPU2_IRQHandler
                0x3418148c                FDCAN3_IT0_IRQHandler
                0x3418148c                EXTI13_IRQHandler
                0x3418148c                TIM1_CC_IRQHandler
                0x3418148c                XSPI1_IRQHandler
                0x3418148c                TIM10_IRQHandler
                0x3418148c                JPEG_IRQHandler
                0x3418148c                TAMP_IRQHandler
                0x3418148c                CACHE_ECC_IRQHandler
                0x3418148c                TIM6_IRQHandler
                0x3418148c                CSI_IRQHandler
                0x3418148c                EXTI12_IRQHandler
                0x3418148c                GFXTIM_IRQHandler
                0x3418148c                EXTI3_IRQHandler
                0x3418148c                LPTIM4_IRQHandler
                0x3418148c                GPDMA1_Channel5_IRQHandler
                0x3418148c                EXTI8_IRQHandler
                0x3418148c                LPTIM2_IRQHandler
                0x3418148c                GFXMMU_IRQHandler
                0x3418148c                LTDC_LO_ERR_IRQHandler
                0x3418148c                I2C3_ER_IRQHandler
                0x3418148c                RIFSC_TAMPER_IRQHandler
                0x3418148c                USART10_IRQHandler
                0x3418148c                MDF1_FLT2_IRQHandler
                0x3418148c                LPTIM3_IRQHandler
                0x3418148c                SAI2_A_IRQHandler
                0x3418148c                EXTI0_IRQHandler
                0x3418148c                HPDMA1_Channel9_IRQHandler
                0x3418148c                I2C2_EV_IRQHandler
                0x3418148c                GPU2D_IRQHandler
                0x3418148c                FPU_IRQHandler
                0x3418148c                GPDMA1_Channel3_IRQHandler
                0x3418148c                GPDMA1_Channel7_IRQHandler
                0x3418148c                MDF1_FLT4_IRQHandler
                0x3418148c                FDCAN1_IT1_IRQHandler
                0x3418148c                HPDMA1_Channel3_IRQHandler
                0x3418148c                ADC1_2_IRQHandler
                0x3418148c                GPDMA1_Channel9_IRQHandler
                0x3418148c                SPI1_IRQHandler
                0x3418148c                CACHEAXI_IRQHandler
                0x3418148c                SAI1_B_IRQHandler
                0x3418148c                GPDMA1_Channel2_IRQHandler
                0x3418148c                PAHB_ERR_IRQHandler
                0x3418148c                TIM8_UP_IRQHandler
                0x3418148c                RCC_S_IRQHandler
                0x3418148c                MDF1_FLT1_IRQHandler
                0x3418148c                LTDC_UP_IRQHandler
                0x3418148c                LOCKUP_IRQHandler
                0x3418148c                PKA_IRQHandler
                0x3418148c                USART6_IRQHandler
                0x3418148c                HPDMA1_Channel2_IRQHandler
                0x3418148c                MDF1_FLT5_IRQHandler
                0x3418148c                MCE4_IRQHandler
                0x3418148c                I3C2_ER_IRQHandler
                0x3418148c                EXTI15_IRQHandler
                0x3418148c                TIM17_IRQHandler
                0x3418148c                USART3_IRQHandler
                0x3418148c                HPDMA1_Channel6_IRQHandler
                0x3418148c                CRYP_IRQHandler
                0x3418148c                RTC_IRQHandler
                0x3418148c                XSPI2_IRQHandler
                0x3418148c                EXTI9_IRQHandler
                0x3418148c                IAC_IRQHandler
                0x3418148c                HPDMA1_Channel0_IRQHandler
                0x3418148c                LPTIM5_IRQHandler
                0x3418148c                HPDMA1_Channel1_IRQHandler
                0x3418148c                UART5_IRQHandler
                0x3418148c                TIM4_IRQHandler
                0x3418148c                NPU3_IRQHandler
                0x3418148c                I3C2_EV_IRQHandler
                0x3418148c                I2C1_EV_IRQHandler
                0x3418148c                FDCAN_CU_IRQHandler
                0x3418148c                GPDMA1_Channel12_IRQHandler
                0x3418148c                HPDMA1_Channel7_IRQHandler
                0x3418148c                GPDMA1_Channel1_IRQHandler
                0x3418148c                TIM16_IRQHandler
                0x3418148c                GPDMA1_Channel15_IRQHandler
                0x3418148c                UART4_IRQHandler
                0x3418148c                TCM_ECC_IRQHandler
                0x3418148c                TIM3_IRQHandler
                0x3418148c                RCC_IRQHandler
                0x3418148c                UART9_IRQHandler
                0x3418148c                NPU1_IRQHandler
                0x3418148c                SAI2_B_IRQHandler
                0x3418148c                Default_Handler
                0x3418148c                GPDMA1_Channel8_IRQHandler
                0x3418148c                HPDMA1_Channel8_IRQHandler
                0x3418148c                TIM18_IRQHandler
                0x3418148c                TIM14_IRQHandler
                0x3418148c                TIM13_IRQHandler
                0x3418148c                CTI_INT1_IRQHandler
                0x3418148c                GPDMA1_Channel11_IRQHandler
                0x3418148c                GPU2D_ER_IRQHandler
                0x3418148c                SPI5_IRQHandler
                0x3418148c                TIM12_IRQHandler
                0x3418148c                TIM7_IRQHandler
                0x3418148c                FDCAN3_IT1_IRQHandler
                0x3418148c                HPDMA1_Channel10_IRQHandler
                0x3418148c                SDMMC1_IRQHandler
                0x3418148c                SAES_IRQHandler
                0x3418148c                TIM5_IRQHandler
                0x3418148c                UCPD1_IRQHandler
                0x3418148c                GPDMA1_Channel0_IRQHandler
                0x3418148c                I3C1_EV_IRQHandler
                0x3418148c                HPDMA1_Channel5_IRQHandler
                0x3418148c                TIM15_IRQHandler
                0x3418148c                I2C3_EV_IRQHandler
                0x3418148c                HPDMA1_Channel4_IRQHandler
                0x3418148c                HPDMA1_Channel15_IRQHandler
                0x3418148c                TIM9_IRQHandler
                0x3418148c                ETH1_IRQHandler
                0x3418148c                USB1_OTG_HS_IRQHandler
                0x3418148c                PVD_PVM_IRQHandler
                0x3418148c                SPI2_IRQHandler
                0x3418148c                TIM1_TRG_CCU_IRQHandler
                0x3418148c                HPDMA1_Channel11_IRQHandler
                0x3418148c                EXTI14_IRQHandler
                0x3418148c                EXTI11_IRQHandler
                0x3418148c                VENC_IRQHandler
                0x3418148c                GPDMA1_Channel14_IRQHandler
                0x3418148c                EXTI4_IRQHandler
                0x3418148c                RTC_S_IRQHandler
                0x3418148c                GPDMA1_Channel13_IRQHandler
                0x3418148c                RNG_IRQHandler
                0x3418148c                XSPI3_IRQHandler
                0x3418148c                FDCAN2_IT1_IRQHandler
                0x3418148c                TIM1_UP_IRQHandler
                0x3418148c                NPU0_IRQHandler
                0x3418148c                BCK_ECC_IRQHandler
                0x3418148c                WWDG_IRQHandler
                0x3418148c                SPI6_IRQHandler
                0x3418148c                MDIOS_IRQHandler
                0x3418148c                I2C4_EV_IRQHandler
                0x3418148c                FDCAN2_IT0_IRQHandler
                0x3418148c                HPDMA1_Channel14_IRQHandler
                0x3418148c                LPUART1_IRQHandler
                0x3418148c                FDCAN1_IT0_IRQHandler
                0x3418148c                MDF1_FLT0_IRQHandler
                0x3418148c                TIM2_IRQHandler
                0x3418148c                MCE3_IRQHandler
                0x3418148c                GPDMA1_Channel4_IRQHandler
                0x3418148c                EXTI7_IRQHandler
                0x3418148c                DMA2D_IRQHandler
                0x3418148c                TIM1_BRK_IRQHandler
                0x3418148c                EXTI1_IRQHandler
                0x3418148c                SDMMC2_IRQHandler
                0x3418148c                TIM11_IRQHandler
                0x3418148c                LTDC_UP_ERR_IRQHandler
                0x3418148c                UART7_IRQHandler
                0x3418148c                DTS_IRQHandler
                0x3418148c                MDF1_FLT3_IRQHandler
                0x3418148c                USART2_IRQHandler
                0x3418148c                GPDMA1_Channel6_IRQHandler
                0x3418148c                ADF1_FLT0_IRQHandler
                0x3418148c                I2C2_ER_IRQHandler
                0x3418148c                MCE1_IRQHandler
                0x3418148c                SPDIFRX_IRQHandler
                0x3418148c                TIM8_BRK_IRQHandler
                0x3418148c                HPDMA1_Channel12_IRQHandler
                0x3418148c                USART1_IRQHandler
                0x3418148c                EXTI10_IRQHandler
                0x3418148c                SPI3_IRQHandler
                0x3418148c                WAKEUP_PIN_IRQHandler
                0x3418148c                DCMIPP_IRQHandler
                0x3418148c                I2C1_ER_IRQHandler
                0x3418148c                FMC_IRQHandler
                0x3418148c                EXTI6_IRQHandler
                0x3418148c                LPTIM1_IRQHandler
                0x3418148c                DCMI_PSSI_IRQHandler
                0x3418148c                TIM8_TRG_CCU_IRQHandler
                0x3418148c                I2C4_ER_IRQHandler
                0x3418148c                GPDMA1_Channel10_IRQHandler
                0x3418148c                ICACHE_IRQHandler
                0x3418148c                HASH_IRQHandler
 *fill*         0x3418148e        0x2 
 .text.LL_AHB4_GRP1_EnableClock
                0x34181490       0x2c ./Drivers/BSP/STM32N6xx_Nucleo/stm32n6xx_nucleo.o
 .text.BSP_LED_Init
                0x341814bc       0x74 ./Drivers/BSP/STM32N6xx_Nucleo/stm32n6xx_nucleo.o
                0x341814bc                BSP_LED_Init
 .text.BSP_LED_On
                0x34181530       0x34 ./Drivers/BSP/STM32N6xx_Nucleo/stm32n6xx_nucleo.o
                0x34181530                BSP_LED_On
 .text.BSP_LED_Off
                0x34181564       0x34 ./Drivers/BSP/STM32N6xx_Nucleo/stm32n6xx_nucleo.o
                0x34181564                BSP_LED_Off
 .text.HAL_Init
                0x34181598       0x28 ./Drivers/STM32N6xx_HAL_Driver/stm32n6xx_hal.o
                0x34181598                HAL_Init
 .text.HAL_InitTick
                0x341815c0       0x6c ./Drivers/STM32N6xx_HAL_Driver/stm32n6xx_hal.o
                0x341815c0                HAL_InitTick
 .text.HAL_IncTick
                0x3418162c       0x28 ./Drivers/STM32N6xx_HAL_Driver/stm32n6xx_hal.o
                0x3418162c                HAL_IncTick
 .text.HAL_GetTick
                0x34181654       0x18 ./Drivers/STM32N6xx_HAL_Driver/stm32n6xx_hal.o
                0x34181654                HAL_GetTick
 .text.HAL_Delay
                0x3418166c       0x48 ./Drivers/STM32N6xx_HAL_Driver/stm32n6xx_hal.o
                0x3418166c                HAL_Delay
 .text.HAL_SuspendTick
                0x341816b4       0x20 ./Drivers/STM32N6xx_HAL_Driver/stm32n6xx_hal.o
                0x341816b4                HAL_SuspendTick
 .text.HAL_SYSCFG_EnableVDDIO3CompensationCell
                0x341816d4       0x20 ./Drivers/STM32N6xx_HAL_Driver/stm32n6xx_hal.o
                0x341816d4                HAL_SYSCFG_EnableVDDIO3CompensationCell
 .text.HAL_BSEC_OTP_Read
                0x341816f4       0x70 ./Drivers/STM32N6xx_HAL_Driver/stm32n6xx_hal_bsec.o
                0x341816f4                HAL_BSEC_OTP_Read
 .text.HAL_BSEC_OTP_Reload
                0x34181764       0xf0 ./Drivers/STM32N6xx_HAL_Driver/stm32n6xx_hal_bsec.o
                0x34181764                HAL_BSEC_OTP_Reload
 .text.__NVIC_SetPriorityGrouping
                0x34181854       0x48 ./Drivers/STM32N6xx_HAL_Driver/stm32n6xx_hal_cortex.o
 .text.__NVIC_GetPriorityGrouping
                0x3418189c       0x1c ./Drivers/STM32N6xx_HAL_Driver/stm32n6xx_hal_cortex.o
 .text.__NVIC_SetPriority
                0x341818b8       0x54 ./Drivers/STM32N6xx_HAL_Driver/stm32n6xx_hal_cortex.o
 .text.NVIC_EncodePriority
                0x3418190c       0x66 ./Drivers/STM32N6xx_HAL_Driver/stm32n6xx_hal_cortex.o
 *fill*         0x34181972        0x2 
 .text.SysTick_Config
                0x34181974       0x44 ./Drivers/STM32N6xx_HAL_Driver/stm32n6xx_hal_cortex.o
 .text.HAL_NVIC_SetPriorityGrouping
                0x341819b8       0x16 ./Drivers/STM32N6xx_HAL_Driver/stm32n6xx_hal_cortex.o
                0x341819b8                HAL_NVIC_SetPriorityGrouping
 .text.HAL_NVIC_SetPriority
                0x341819ce       0x3a ./Drivers/STM32N6xx_HAL_Driver/stm32n6xx_hal_cortex.o
                0x341819ce                HAL_NVIC_SetPriority
 .text.HAL_SYSTICK_Config
                0x34181a08       0x18 ./Drivers/STM32N6xx_HAL_Driver/stm32n6xx_hal_cortex.o
                0x34181a08                HAL_SYSTICK_Config
 .text.HAL_DMA_Abort
                0x34181a20       0xf8 ./Drivers/STM32N6xx_HAL_Driver/stm32n6xx_hal_dma.o
                0x34181a20                HAL_DMA_Abort
 .text.HAL_GPIO_Init
                0x34181b18      0x364 ./Drivers/STM32N6xx_HAL_Driver/stm32n6xx_hal_gpio.o
                0x34181b18                HAL_GPIO_Init
 .text.HAL_GPIO_WritePin
                0x34181e7c       0x30 ./Drivers/STM32N6xx_HAL_Driver/stm32n6xx_hal_gpio.o
                0x34181e7c                HAL_GPIO_WritePin
 .text.HAL_PWREx_ConfigSupply
                0x34181eac       0x50 ./Drivers/STM32N6xx_HAL_Driver/stm32n6xx_hal_pwr_ex.o
                0x34181eac                HAL_PWREx_ConfigSupply
 .text.HAL_PWREx_ConfigVddIORange
                0x34181efc       0xa4 ./Drivers/STM32N6xx_HAL_Driver/stm32n6xx_hal_pwr_ex.o
                0x34181efc                HAL_PWREx_ConfigVddIORange
 .text.HAL_PWREx_EnableVddIO2
                0x34181fa0       0x20 ./Drivers/STM32N6xx_HAL_Driver/stm32n6xx_hal_pwr_ex.o
                0x34181fa0                HAL_PWREx_EnableVddIO2
 .text.HAL_PWREx_EnableVddIO3
                0x34181fc0       0x20 ./Drivers/STM32N6xx_HAL_Driver/stm32n6xx_hal_pwr_ex.o
                0x34181fc0                HAL_PWREx_EnableVddIO3
 .text.HAL_PWREx_EnableVddIO4
                0x34181fe0       0x20 ./Drivers/STM32N6xx_HAL_Driver/stm32n6xx_hal_pwr_ex.o
                0x34181fe0                HAL_PWREx_EnableVddIO4
 .text.LL_RCC_HSE_IsReady
                0x34182000       0x24 ./Drivers/STM32N6xx_HAL_Driver/stm32n6xx_hal_rcc.o
 .text.LL_RCC_HSI_Enable
                0x34182024       0x1c ./Drivers/STM32N6xx_HAL_Driver/stm32n6xx_hal_rcc.o
 .text.LL_RCC_HSI_Disable
                0x34182040       0x20 ./Drivers/STM32N6xx_HAL_Driver/stm32n6xx_hal_rcc.o
 .text.LL_RCC_HSI_IsReady
                0x34182060       0x24 ./Drivers/STM32N6xx_HAL_Driver/stm32n6xx_hal_rcc.o
 .text.LL_RCC_HSI_SetDivider
                0x34182084       0x28 ./Drivers/STM32N6xx_HAL_Driver/stm32n6xx_hal_rcc.o
 .text.LL_RCC_HSI_GetDivider
                0x341820ac       0x1c ./Drivers/STM32N6xx_HAL_Driver/stm32n6xx_hal_rcc.o
 .text.LL_RCC_HSI_SetCalibTrimming
                0x341820c8       0x2c ./Drivers/STM32N6xx_HAL_Driver/stm32n6xx_hal_rcc.o
 .text.LL_RCC_MSI_Enable
                0x341820f4       0x1c ./Drivers/STM32N6xx_HAL_Driver/stm32n6xx_hal_rcc.o
 .text.LL_RCC_MSI_Disable
                0x34182110       0x20 ./Drivers/STM32N6xx_HAL_Driver/stm32n6xx_hal_rcc.o
 .text.LL_RCC_MSI_IsReady
                0x34182130       0x24 ./Drivers/STM32N6xx_HAL_Driver/stm32n6xx_hal_rcc.o
 .text.LL_RCC_MSI_SetFrequency
                0x34182154       0x28 ./Drivers/STM32N6xx_HAL_Driver/stm32n6xx_hal_rcc.o
 .text.LL_RCC_MSI_GetFrequency
                0x3418217c       0x1c ./Drivers/STM32N6xx_HAL_Driver/stm32n6xx_hal_rcc.o
 .text.LL_RCC_MSI_SetCalibTrimming
                0x34182198       0x2c ./Drivers/STM32N6xx_HAL_Driver/stm32n6xx_hal_rcc.o
 .text.LL_RCC_LSE_IsReady
                0x341821c4       0x24 ./Drivers/STM32N6xx_HAL_Driver/stm32n6xx_hal_rcc.o
 .text.LL_RCC_LSI_Enable
                0x341821e8       0x1c ./Drivers/STM32N6xx_HAL_Driver/stm32n6xx_hal_rcc.o
 .text.LL_RCC_LSI_Disable
                0x34182204       0x20 ./Drivers/STM32N6xx_HAL_Driver/stm32n6xx_hal_rcc.o
 .text.LL_RCC_LSI_IsReady
                0x34182224       0x1c ./Drivers/STM32N6xx_HAL_Driver/stm32n6xx_hal_rcc.o
 .text.LL_RCC_GetCpuClkSource
                0x34182240       0x1c ./Drivers/STM32N6xx_HAL_Driver/stm32n6xx_hal_rcc.o
 .text.LL_RCC_GetSysClkSource
                0x3418225c       0x1c ./Drivers/STM32N6xx_HAL_Driver/stm32n6xx_hal_rcc.o
 .text.LL_RCC_PLL1_GetSource
                0x34182278       0x1c ./Drivers/STM32N6xx_HAL_Driver/stm32n6xx_hal_rcc.o
 .text.LL_RCC_PLL1_IsReady
                0x34182294       0x28 ./Drivers/STM32N6xx_HAL_Driver/stm32n6xx_hal_rcc.o
 .text.LL_RCC_PLL1_IsEnabledBypass
                0x341822bc       0x28 ./Drivers/STM32N6xx_HAL_Driver/stm32n6xx_hal_rcc.o
 .text.LL_RCC_PLL2_GetSource
                0x341822e4       0x1c ./Drivers/STM32N6xx_HAL_Driver/stm32n6xx_hal_rcc.o
 .text.LL_RCC_PLL2_IsReady
                0x34182300       0x28 ./Drivers/STM32N6xx_HAL_Driver/stm32n6xx_hal_rcc.o
 .text.LL_RCC_PLL2_IsEnabledBypass
                0x34182328       0x28 ./Drivers/STM32N6xx_HAL_Driver/stm32n6xx_hal_rcc.o
 .text.LL_RCC_PLL3_GetSource
                0x34182350       0x1c ./Drivers/STM32N6xx_HAL_Driver/stm32n6xx_hal_rcc.o
 .text.LL_RCC_PLL3_IsReady
                0x3418236c       0x28 ./Drivers/STM32N6xx_HAL_Driver/stm32n6xx_hal_rcc.o
 .text.LL_RCC_PLL3_IsEnabledBypass
                0x34182394       0x28 ./Drivers/STM32N6xx_HAL_Driver/stm32n6xx_hal_rcc.o
 .text.LL_RCC_PLL4_GetSource
                0x341823bc       0x1c ./Drivers/STM32N6xx_HAL_Driver/stm32n6xx_hal_rcc.o
 .text.LL_RCC_PLL4_IsReady
                0x341823d8       0x28 ./Drivers/STM32N6xx_HAL_Driver/stm32n6xx_hal_rcc.o
 .text.LL_RCC_PLL4_IsEnabledBypass
                0x34182400       0x28 ./Drivers/STM32N6xx_HAL_Driver/stm32n6xx_hal_rcc.o
 .text.LL_RCC_IC1_Enable
                0x34182428       0x1c ./Drivers/STM32N6xx_HAL_Driver/stm32n6xx_hal_rcc.o
 .text.LL_RCC_IC1_GetSource
                0x34182444       0x1c ./Drivers/STM32N6xx_HAL_Driver/stm32n6xx_hal_rcc.o
 .text.LL_RCC_IC1_GetDivider
                0x34182460       0x20 ./Drivers/STM32N6xx_HAL_Driver/stm32n6xx_hal_rcc.o
 .text.LL_RCC_IC2_GetSource
                0x34182480       0x1c ./Drivers/STM32N6xx_HAL_Driver/stm32n6xx_hal_rcc.o
 .text.LL_RCC_IC2_GetDivider
                0x3418249c       0x20 ./Drivers/STM32N6xx_HAL_Driver/stm32n6xx_hal_rcc.o
 .text.LL_RCC_IC6_GetSource
                0x341824bc       0x1c ./Drivers/STM32N6xx_HAL_Driver/stm32n6xx_hal_rcc.o
 .text.LL_RCC_IC11_GetSource
                0x341824d8       0x1c ./Drivers/STM32N6xx_HAL_Driver/stm32n6xx_hal_rcc.o
 .text.HAL_RCC_OscConfig
                0x341824f4      0x7c0 ./Drivers/STM32N6xx_HAL_Driver/stm32n6xx_hal_rcc.o
                0x341824f4                HAL_RCC_OscConfig
 .text.HAL_RCC_ClockConfig
                0x34182cb4      0x408 ./Drivers/STM32N6xx_HAL_Driver/stm32n6xx_hal_rcc.o
                0x34182cb4                HAL_RCC_ClockConfig
 .text.HAL_RCC_GetCpuClockFreq
                0x341830bc       0xfc ./Drivers/STM32N6xx_HAL_Driver/stm32n6xx_hal_rcc.o
                0x341830bc                HAL_RCC_GetCpuClockFreq
 .text.HAL_RCC_GetSysClockFreq
                0x341831b8       0xfc ./Drivers/STM32N6xx_HAL_Driver/stm32n6xx_hal_rcc.o
                0x341831b8                HAL_RCC_GetSysClockFreq
 .text.HAL_RCC_GetClockConfig
                0x341832b4       0xec ./Drivers/STM32N6xx_HAL_Driver/stm32n6xx_hal_rcc.o
                0x341832b4                HAL_RCC_GetClockConfig
 .text.RCC_PLL_Config
                0x341833a0      0x260 ./Drivers/STM32N6xx_HAL_Driver/stm32n6xx_hal_rcc.o
 .text.RCC_PLL_Enable
                0x34183600       0x58 ./Drivers/STM32N6xx_HAL_Driver/stm32n6xx_hal_rcc.o
 .text.RCC_PLL_IsNewConfig
                0x34183658       0xf4 ./Drivers/STM32N6xx_HAL_Driver/stm32n6xx_hal_rcc.o
 .text.RCC_PLL_Source_IsReady
                0x3418374c       0x74 ./Drivers/STM32N6xx_HAL_Driver/stm32n6xx_hal_rcc.o
 .text.RCC_IC_CheckPLLSources
                0x341837c0      0x170 ./Drivers/STM32N6xx_HAL_Driver/stm32n6xx_hal_rcc.o
 .text.LL_RCC_HSE_SelectHSEAsDiv2Clock
                0x34183930       0x20 ./Drivers/STM32N6xx_HAL_Driver/stm32n6xx_hal_rcc_ex.o
 .text.LL_RCC_HSE_SelectHSEDiv2AsDiv2Clock
                0x34183950       0x20 ./Drivers/STM32N6xx_HAL_Driver/stm32n6xx_hal_rcc_ex.o
 .text.LL_RCC_HSE_IsSelectedHSEDiv2AsDiv2Clock
                0x34183970       0x24 ./Drivers/STM32N6xx_HAL_Driver/stm32n6xx_hal_rcc_ex.o
 .text.LL_RCC_HSE_IsReady
                0x34183994       0x24 ./Drivers/STM32N6xx_HAL_Driver/stm32n6xx_hal_rcc_ex.o
 .text.LL_RCC_HSI_IsReady
                0x341839b8       0x24 ./Drivers/STM32N6xx_HAL_Driver/stm32n6xx_hal_rcc_ex.o
 .text.LL_RCC_HSI_GetDivider
                0x341839dc       0x1c ./Drivers/STM32N6xx_HAL_Driver/stm32n6xx_hal_rcc_ex.o
 .text.LL_RCC_MSI_IsReady
                0x341839f8       0x24 ./Drivers/STM32N6xx_HAL_Driver/stm32n6xx_hal_rcc_ex.o
 .text.LL_RCC_MSI_GetFrequency
                0x34183a1c       0x1c ./Drivers/STM32N6xx_HAL_Driver/stm32n6xx_hal_rcc_ex.o
 .text.LL_RCC_LSE_IsReady
                0x34183a38       0x24 ./Drivers/STM32N6xx_HAL_Driver/stm32n6xx_hal_rcc_ex.o
 .text.LL_RCC_LSI_IsReady
                0x34183a5c       0x1c ./Drivers/STM32N6xx_HAL_Driver/stm32n6xx_hal_rcc_ex.o
 .text.LL_RCC_GetAHBPrescaler
                0x34183a78       0x1c ./Drivers/STM32N6xx_HAL_Driver/stm32n6xx_hal_rcc_ex.o
 .text.LL_RCC_GetAPB1Prescaler
                0x34183a94       0x1c ./Drivers/STM32N6xx_HAL_Driver/stm32n6xx_hal_rcc_ex.o
 .text.LL_RCC_GetAPB2Prescaler
                0x34183ab0       0x1c ./Drivers/STM32N6xx_HAL_Driver/stm32n6xx_hal_rcc_ex.o
 .text.LL_RCC_GetAPB4Prescaler
                0x34183acc       0x1c ./Drivers/STM32N6xx_HAL_Driver/stm32n6xx_hal_rcc_ex.o
 .text.LL_RCC_GetAPB5Prescaler
                0x34183ae8       0x1c ./Drivers/STM32N6xx_HAL_Driver/stm32n6xx_hal_rcc_ex.o
 .text.LL_RCC_SetClockSource
                0x34183b04       0x54 ./Drivers/STM32N6xx_HAL_Driver/stm32n6xx_hal_rcc_ex.o
 .text.LL_RCC_GetADCPrescaler
                0x34183b58       0x1c ./Drivers/STM32N6xx_HAL_Driver/stm32n6xx_hal_rcc_ex.o
 .text.LL_RCC_SetADFClockSource
                0x34183b74       0x2c ./Drivers/STM32N6xx_HAL_Driver/stm32n6xx_hal_rcc_ex.o
 .text.LL_RCC_SetCLKPClockSource
                0x34183ba0       0x2c ./Drivers/STM32N6xx_HAL_Driver/stm32n6xx_hal_rcc_ex.o
 .text.LL_RCC_SetDCMIPPClockSource
                0x34183bcc       0x2c ./Drivers/STM32N6xx_HAL_Driver/stm32n6xx_hal_rcc_ex.o
 .text.LL_RCC_SetETHClockSource
                0x34183bf8       0x2c ./Drivers/STM32N6xx_HAL_Driver/stm32n6xx_hal_rcc_ex.o
 .text.LL_RCC_SetETHPHYInterface
                0x34183c24       0x2c ./Drivers/STM32N6xx_HAL_Driver/stm32n6xx_hal_rcc_ex.o
 .text.LL_RCC_GetETH1PTPDivider
                0x34183c50       0x1c ./Drivers/STM32N6xx_HAL_Driver/stm32n6xx_hal_rcc_ex.o
 .text.LL_RCC_SetETHREFRXClockSource
                0x34183c6c       0x2c ./Drivers/STM32N6xx_HAL_Driver/stm32n6xx_hal_rcc_ex.o
 .text.LL_RCC_SetETHREFTXClockSource
                0x34183c98       0x2c ./Drivers/STM32N6xx_HAL_Driver/stm32n6xx_hal_rcc_ex.o
 .text.LL_RCC_SetFDCANClockSource
                0x34183cc4       0x2c ./Drivers/STM32N6xx_HAL_Driver/stm32n6xx_hal_rcc_ex.o
 .text.LL_RCC_SetFMCClockSource
                0x34183cf0       0x2c ./Drivers/STM32N6xx_HAL_Driver/stm32n6xx_hal_rcc_ex.o
 .text.LL_RCC_SetI2CClockSource
                0x34183d1c       0x16 ./Drivers/STM32N6xx_HAL_Driver/stm32n6xx_hal_rcc_ex.o
 .text.LL_RCC_SetI3CClockSource
                0x34183d32       0x16 ./Drivers/STM32N6xx_HAL_Driver/stm32n6xx_hal_rcc_ex.o
 .text.LL_RCC_SetLPTIMClockSource
                0x34183d48       0x16 ./Drivers/STM32N6xx_HAL_Driver/stm32n6xx_hal_rcc_ex.o
 *fill*         0x34183d5e        0x2 
 .text.LL_RCC_SetLPUARTClockSource
                0x34183d60       0x2c ./Drivers/STM32N6xx_HAL_Driver/stm32n6xx_hal_rcc_ex.o
 .text.LL_RCC_SetLTDCClockSource
                0x34183d8c       0x2c ./Drivers/STM32N6xx_HAL_Driver/stm32n6xx_hal_rcc_ex.o
 .text.LL_RCC_SetMDFClockSource
                0x34183db8       0x2c ./Drivers/STM32N6xx_HAL_Driver/stm32n6xx_hal_rcc_ex.o
 .text.LL_RCC_SetOTGPHYClockSource
                0x34183de4       0x16 ./Drivers/STM32N6xx_HAL_Driver/stm32n6xx_hal_rcc_ex.o
 .text.LL_RCC_SetOTGPHYCKREFClockSource
                0x34183dfa       0x16 ./Drivers/STM32N6xx_HAL_Driver/stm32n6xx_hal_rcc_ex.o
 .text.LL_RCC_SetPSSIClockSource
                0x34183e10       0x2c ./Drivers/STM32N6xx_HAL_Driver/stm32n6xx_hal_rcc_ex.o
 .text.LL_RCC_SetSAIClockSource
                0x34183e3c       0x16 ./Drivers/STM32N6xx_HAL_Driver/stm32n6xx_hal_rcc_ex.o
 .text.LL_RCC_SetSDMMCClockSource
                0x34183e52       0x16 ./Drivers/STM32N6xx_HAL_Driver/stm32n6xx_hal_rcc_ex.o
 .text.LL_RCC_SetSPDIFRXClockSource
                0x34183e68       0x2c ./Drivers/STM32N6xx_HAL_Driver/stm32n6xx_hal_rcc_ex.o
 .text.LL_RCC_SetSPIClockSource
                0x34183e94       0x16 ./Drivers/STM32N6xx_HAL_Driver/stm32n6xx_hal_rcc_ex.o
 .text.LL_RCC_SetUSARTClockSource
                0x34183eaa       0x16 ./Drivers/STM32N6xx_HAL_Driver/stm32n6xx_hal_rcc_ex.o
 .text.LL_RCC_SetXSPIClockSource
                0x34183ec0       0x16 ./Drivers/STM32N6xx_HAL_Driver/stm32n6xx_hal_rcc_ex.o
 *fill*         0x34183ed6        0x2 
 .text.LL_RCC_GetClockSource
                0x34183ed8       0x4c ./Drivers/STM32N6xx_HAL_Driver/stm32n6xx_hal_rcc_ex.o
 .text.LL_RCC_GetADCClockSource
                0x34183f24       0x24 ./Drivers/STM32N6xx_HAL_Driver/stm32n6xx_hal_rcc_ex.o
 .text.LL_RCC_GetADFClockSource
                0x34183f48       0x24 ./Drivers/STM32N6xx_HAL_Driver/stm32n6xx_hal_rcc_ex.o
 .text.LL_RCC_GetCLKPClockSource
                0x34183f6c       0x24 ./Drivers/STM32N6xx_HAL_Driver/stm32n6xx_hal_rcc_ex.o
 .text.LL_RCC_GetDCMIPPClockSource
                0x34183f90       0x24 ./Drivers/STM32N6xx_HAL_Driver/stm32n6xx_hal_rcc_ex.o
 .text.LL_RCC_GetETHClockSource
                0x34183fb4       0x24 ./Drivers/STM32N6xx_HAL_Driver/stm32n6xx_hal_rcc_ex.o
 .text.LL_RCC_GetETHPTPClockSource
                0x34183fd8       0x24 ./Drivers/STM32N6xx_HAL_Driver/stm32n6xx_hal_rcc_ex.o
 .text.LL_RCC_GetFDCANClockSource
                0x34183ffc       0x24 ./Drivers/STM32N6xx_HAL_Driver/stm32n6xx_hal_rcc_ex.o
 .text.LL_RCC_GetFMCClockSource
                0x34184020       0x24 ./Drivers/STM32N6xx_HAL_Driver/stm32n6xx_hal_rcc_ex.o
 .text.LL_RCC_GetI2CClockSource
                0x34184044       0x18 ./Drivers/STM32N6xx_HAL_Driver/stm32n6xx_hal_rcc_ex.o
 .text.LL_RCC_GetI3CClockSource
                0x3418405c       0x18 ./Drivers/STM32N6xx_HAL_Driver/stm32n6xx_hal_rcc_ex.o
 .text.LL_RCC_GetLPTIMClockSource
                0x34184074       0x18 ./Drivers/STM32N6xx_HAL_Driver/stm32n6xx_hal_rcc_ex.o
 .text.LL_RCC_GetLPUARTClockSource
                0x3418408c       0x24 ./Drivers/STM32N6xx_HAL_Driver/stm32n6xx_hal_rcc_ex.o
 .text.LL_RCC_GetLTDCClockSource
                0x341840b0       0x24 ./Drivers/STM32N6xx_HAL_Driver/stm32n6xx_hal_rcc_ex.o
 .text.LL_RCC_GetMDFClockSource
                0x341840d4       0x24 ./Drivers/STM32N6xx_HAL_Driver/stm32n6xx_hal_rcc_ex.o
 .text.LL_RCC_GetPSSIClockSource
                0x341840f8       0x24 ./Drivers/STM32N6xx_HAL_Driver/stm32n6xx_hal_rcc_ex.o
 .text.LL_RCC_GetSAIClockSource
                0x3418411c       0x18 ./Drivers/STM32N6xx_HAL_Driver/stm32n6xx_hal_rcc_ex.o
 .text.LL_RCC_GetSDMMCClockSource
                0x34184134       0x18 ./Drivers/STM32N6xx_HAL_Driver/stm32n6xx_hal_rcc_ex.o
 .text.LL_RCC_GetSPDIFRXClockSource
                0x3418414c       0x24 ./Drivers/STM32N6xx_HAL_Driver/stm32n6xx_hal_rcc_ex.o
 .text.LL_RCC_GetSPIClockSource
                0x34184170       0x18 ./Drivers/STM32N6xx_HAL_Driver/stm32n6xx_hal_rcc_ex.o
 .text.LL_RCC_GetUSARTClockSource
                0x34184188       0x18 ./Drivers/STM32N6xx_HAL_Driver/stm32n6xx_hal_rcc_ex.o
 .text.LL_RCC_GetUARTClockSource
                0x341841a0       0x18 ./Drivers/STM32N6xx_HAL_Driver/stm32n6xx_hal_rcc_ex.o
 .text.LL_RCC_GetUSBClockSource
                0x341841b8       0x18 ./Drivers/STM32N6xx_HAL_Driver/stm32n6xx_hal_rcc_ex.o
 .text.LL_RCC_GetXSPIClockSource
                0x341841d0       0x18 ./Drivers/STM32N6xx_HAL_Driver/stm32n6xx_hal_rcc_ex.o
 .text.LL_RCC_SetRTCClockSource
                0x341841e8       0x2c ./Drivers/STM32N6xx_HAL_Driver/stm32n6xx_hal_rcc_ex.o
 .text.LL_RCC_GetRTCClockSource
                0x34184214       0x1c ./Drivers/STM32N6xx_HAL_Driver/stm32n6xx_hal_rcc_ex.o
 .text.LL_RCC_SetRTC_HSEPrescaler
                0x34184230       0x2c ./Drivers/STM32N6xx_HAL_Driver/stm32n6xx_hal_rcc_ex.o
 .text.LL_RCC_SetTIMPrescaler
                0x3418425c       0x2c ./Drivers/STM32N6xx_HAL_Driver/stm32n6xx_hal_rcc_ex.o
 .text.LL_RCC_GetTIMPrescaler
                0x34184288       0x1c ./Drivers/STM32N6xx_HAL_Driver/stm32n6xx_hal_rcc_ex.o
 .text.LL_RCC_PLL1_GetSource
                0x341842a4       0x1c ./Drivers/STM32N6xx_HAL_Driver/stm32n6xx_hal_rcc_ex.o
 .text.LL_RCC_PLL1_IsReady
                0x341842c0       0x28 ./Drivers/STM32N6xx_HAL_Driver/stm32n6xx_hal_rcc_ex.o
 .text.LL_RCC_PLL1_IsEnabledBypass
                0x341842e8       0x28 ./Drivers/STM32N6xx_HAL_Driver/stm32n6xx_hal_rcc_ex.o
 .text.LL_RCC_PLL1_GetN
                0x34184310       0x20 ./Drivers/STM32N6xx_HAL_Driver/stm32n6xx_hal_rcc_ex.o
 .text.LL_RCC_PLL1_GetM
                0x34184330       0x20 ./Drivers/STM32N6xx_HAL_Driver/stm32n6xx_hal_rcc_ex.o
 .text.LL_RCC_PLL1_GetP1
                0x34184350       0x20 ./Drivers/STM32N6xx_HAL_Driver/stm32n6xx_hal_rcc_ex.o
 .text.LL_RCC_PLL1_GetP2
                0x34184370       0x20 ./Drivers/STM32N6xx_HAL_Driver/stm32n6xx_hal_rcc_ex.o
 .text.LL_RCC_PLL1P_IsEnabled
                0x34184390       0x28 ./Drivers/STM32N6xx_HAL_Driver/stm32n6xx_hal_rcc_ex.o
 .text.LL_RCC_PLL1_GetFRACN
                0x341843b8       0x1c ./Drivers/STM32N6xx_HAL_Driver/stm32n6xx_hal_rcc_ex.o
 .text.LL_RCC_PLL2_GetSource
                0x341843d4       0x1c ./Drivers/STM32N6xx_HAL_Driver/stm32n6xx_hal_rcc_ex.o
 .text.LL_RCC_PLL2_IsReady
                0x341843f0       0x28 ./Drivers/STM32N6xx_HAL_Driver/stm32n6xx_hal_rcc_ex.o
 .text.LL_RCC_PLL2_IsEnabledBypass
                0x34184418       0x28 ./Drivers/STM32N6xx_HAL_Driver/stm32n6xx_hal_rcc_ex.o
 .text.LL_RCC_PLL2_GetN
                0x34184440       0x20 ./Drivers/STM32N6xx_HAL_Driver/stm32n6xx_hal_rcc_ex.o
 .text.LL_RCC_PLL2_GetM
                0x34184460       0x20 ./Drivers/STM32N6xx_HAL_Driver/stm32n6xx_hal_rcc_ex.o
 .text.LL_RCC_PLL2_GetP1
                0x34184480       0x20 ./Drivers/STM32N6xx_HAL_Driver/stm32n6xx_hal_rcc_ex.o
 .text.LL_RCC_PLL2_GetP2
                0x341844a0       0x20 ./Drivers/STM32N6xx_HAL_Driver/stm32n6xx_hal_rcc_ex.o
 .text.LL_RCC_PLL2P_IsEnabled
                0x341844c0       0x28 ./Drivers/STM32N6xx_HAL_Driver/stm32n6xx_hal_rcc_ex.o
 .text.LL_RCC_PLL2_GetFRACN
                0x341844e8       0x1c ./Drivers/STM32N6xx_HAL_Driver/stm32n6xx_hal_rcc_ex.o
 .text.LL_RCC_PLL3_GetSource
                0x34184504       0x1c ./Drivers/STM32N6xx_HAL_Driver/stm32n6xx_hal_rcc_ex.o
 .text.LL_RCC_PLL3_IsReady
                0x34184520       0x28 ./Drivers/STM32N6xx_HAL_Driver/stm32n6xx_hal_rcc_ex.o
 .text.LL_RCC_PLL3_IsEnabledBypass
                0x34184548       0x28 ./Drivers/STM32N6xx_HAL_Driver/stm32n6xx_hal_rcc_ex.o
 .text.LL_RCC_PLL3_GetN
                0x34184570       0x20 ./Drivers/STM32N6xx_HAL_Driver/stm32n6xx_hal_rcc_ex.o
 .text.LL_RCC_PLL3_GetM
                0x34184590       0x20 ./Drivers/STM32N6xx_HAL_Driver/stm32n6xx_hal_rcc_ex.o
 .text.LL_RCC_PLL3_GetP1
                0x341845b0       0x20 ./Drivers/STM32N6xx_HAL_Driver/stm32n6xx_hal_rcc_ex.o
 .text.LL_RCC_PLL3_GetP2
                0x341845d0       0x20 ./Drivers/STM32N6xx_HAL_Driver/stm32n6xx_hal_rcc_ex.o
 .text.LL_RCC_PLL3P_IsEnabled
                0x341845f0       0x28 ./Drivers/STM32N6xx_HAL_Driver/stm32n6xx_hal_rcc_ex.o
 .text.LL_RCC_PLL3_GetFRACN
                0x34184618       0x1c ./Drivers/STM32N6xx_HAL_Driver/stm32n6xx_hal_rcc_ex.o
 .text.LL_RCC_PLL4_GetSource
                0x34184634       0x1c ./Drivers/STM32N6xx_HAL_Driver/stm32n6xx_hal_rcc_ex.o
 .text.LL_RCC_PLL4_IsReady
                0x34184650       0x28 ./Drivers/STM32N6xx_HAL_Driver/stm32n6xx_hal_rcc_ex.o
 .text.LL_RCC_PLL4_IsEnabledBypass
                0x34184678       0x28 ./Drivers/STM32N6xx_HAL_Driver/stm32n6xx_hal_rcc_ex.o
 .text.LL_RCC_PLL4_GetN
                0x341846a0       0x20 ./Drivers/STM32N6xx_HAL_Driver/stm32n6xx_hal_rcc_ex.o
 .text.LL_RCC_PLL4_GetM
                0x341846c0       0x20 ./Drivers/STM32N6xx_HAL_Driver/stm32n6xx_hal_rcc_ex.o
 .text.LL_RCC_PLL4_GetP1
                0x341846e0       0x20 ./Drivers/STM32N6xx_HAL_Driver/stm32n6xx_hal_rcc_ex.o
 .text.LL_RCC_PLL4_GetP2
                0x34184700       0x20 ./Drivers/STM32N6xx_HAL_Driver/stm32n6xx_hal_rcc_ex.o
 .text.LL_RCC_PLL4P_IsEnabled
                0x34184720       0x28 ./Drivers/STM32N6xx_HAL_Driver/stm32n6xx_hal_rcc_ex.o
 .text.LL_RCC_PLL4_GetFRACN
                0x34184748       0x1c ./Drivers/STM32N6xx_HAL_Driver/stm32n6xx_hal_rcc_ex.o
 .text.LL_RCC_IC3_Enable
                0x34184764       0x1c ./Drivers/STM32N6xx_HAL_Driver/stm32n6xx_hal_rcc_ex.o
 .text.LL_RCC_IC3_IsEnabled
                0x34184780       0x28 ./Drivers/STM32N6xx_HAL_Driver/stm32n6xx_hal_rcc_ex.o
 .text.LL_RCC_IC3_GetSource
                0x341847a8       0x1c ./Drivers/STM32N6xx_HAL_Driver/stm32n6xx_hal_rcc_ex.o
 .text.LL_RCC_IC3_GetDivider
                0x341847c4       0x20 ./Drivers/STM32N6xx_HAL_Driver/stm32n6xx_hal_rcc_ex.o
 .text.LL_RCC_IC4_Enable
                0x341847e4       0x1c ./Drivers/STM32N6xx_HAL_Driver/stm32n6xx_hal_rcc_ex.o
 .text.LL_RCC_IC4_IsEnabled
                0x34184800       0x28 ./Drivers/STM32N6xx_HAL_Driver/stm32n6xx_hal_rcc_ex.o
 .text.LL_RCC_IC4_GetSource
                0x34184828       0x1c ./Drivers/STM32N6xx_HAL_Driver/stm32n6xx_hal_rcc_ex.o
 .text.LL_RCC_IC4_GetDivider
                0x34184844       0x20 ./Drivers/STM32N6xx_HAL_Driver/stm32n6xx_hal_rcc_ex.o
 .text.LL_RCC_IC5_Enable
                0x34184864       0x1c ./Drivers/STM32N6xx_HAL_Driver/stm32n6xx_hal_rcc_ex.o
 .text.LL_RCC_IC5_IsEnabled
                0x34184880       0x28 ./Drivers/STM32N6xx_HAL_Driver/stm32n6xx_hal_rcc_ex.o
 .text.LL_RCC_IC5_GetSource
                0x341848a8       0x1c ./Drivers/STM32N6xx_HAL_Driver/stm32n6xx_hal_rcc_ex.o
 .text.LL_RCC_IC5_GetDivider
                0x341848c4       0x20 ./Drivers/STM32N6xx_HAL_Driver/stm32n6xx_hal_rcc_ex.o
 .text.LL_RCC_IC7_Enable
                0x341848e4       0x1c ./Drivers/STM32N6xx_HAL_Driver/stm32n6xx_hal_rcc_ex.o
 .text.LL_RCC_IC7_IsEnabled
                0x34184900       0x28 ./Drivers/STM32N6xx_HAL_Driver/stm32n6xx_hal_rcc_ex.o
 .text.LL_RCC_IC7_GetSource
                0x34184928       0x1c ./Drivers/STM32N6xx_HAL_Driver/stm32n6xx_hal_rcc_ex.o
 .text.LL_RCC_IC7_GetDivider
                0x34184944       0x20 ./Drivers/STM32N6xx_HAL_Driver/stm32n6xx_hal_rcc_ex.o
 .text.LL_RCC_IC8_Enable
                0x34184964       0x1c ./Drivers/STM32N6xx_HAL_Driver/stm32n6xx_hal_rcc_ex.o
 .text.LL_RCC_IC8_IsEnabled
                0x34184980       0x28 ./Drivers/STM32N6xx_HAL_Driver/stm32n6xx_hal_rcc_ex.o
 .text.LL_RCC_IC8_GetSource
                0x341849a8       0x1c ./Drivers/STM32N6xx_HAL_Driver/stm32n6xx_hal_rcc_ex.o
 .text.LL_RCC_IC8_GetDivider
                0x341849c4       0x20 ./Drivers/STM32N6xx_HAL_Driver/stm32n6xx_hal_rcc_ex.o
 .text.LL_RCC_IC9_Enable
                0x341849e4       0x1c ./Drivers/STM32N6xx_HAL_Driver/stm32n6xx_hal_rcc_ex.o
 .text.LL_RCC_IC9_IsEnabled
                0x34184a00       0x28 ./Drivers/STM32N6xx_HAL_Driver/stm32n6xx_hal_rcc_ex.o
 .text.LL_RCC_IC9_GetSource
                0x34184a28       0x1c ./Drivers/STM32N6xx_HAL_Driver/stm32n6xx_hal_rcc_ex.o
 .text.LL_RCC_IC9_GetDivider
                0x34184a44       0x20 ./Drivers/STM32N6xx_HAL_Driver/stm32n6xx_hal_rcc_ex.o
 .text.LL_RCC_IC10_Enable
                0x34184a64       0x1c ./Drivers/STM32N6xx_HAL_Driver/stm32n6xx_hal_rcc_ex.o
 .text.LL_RCC_IC10_IsEnabled
                0x34184a80       0x28 ./Drivers/STM32N6xx_HAL_Driver/stm32n6xx_hal_rcc_ex.o
 .text.LL_RCC_IC10_GetSource
                0x34184aa8       0x1c ./Drivers/STM32N6xx_HAL_Driver/stm32n6xx_hal_rcc_ex.o
 .text.LL_RCC_IC10_GetDivider
                0x34184ac4       0x20 ./Drivers/STM32N6xx_HAL_Driver/stm32n6xx_hal_rcc_ex.o
 .text.LL_RCC_IC12_Enable
                0x34184ae4       0x1c ./Drivers/STM32N6xx_HAL_Driver/stm32n6xx_hal_rcc_ex.o
 .text.LL_RCC_IC12_IsEnabled
                0x34184b00       0x28 ./Drivers/STM32N6xx_HAL_Driver/stm32n6xx_hal_rcc_ex.o
 .text.LL_RCC_IC12_GetSource
                0x34184b28       0x1c ./Drivers/STM32N6xx_HAL_Driver/stm32n6xx_hal_rcc_ex.o
 .text.LL_RCC_IC12_GetDivider
                0x34184b44       0x20 ./Drivers/STM32N6xx_HAL_Driver/stm32n6xx_hal_rcc_ex.o
 .text.LL_RCC_IC13_Enable
                0x34184b64       0x1c ./Drivers/STM32N6xx_HAL_Driver/stm32n6xx_hal_rcc_ex.o
 .text.LL_RCC_IC13_IsEnabled
                0x34184b80       0x28 ./Drivers/STM32N6xx_HAL_Driver/stm32n6xx_hal_rcc_ex.o
 .text.LL_RCC_IC13_GetSource
                0x34184ba8       0x1c ./Drivers/STM32N6xx_HAL_Driver/stm32n6xx_hal_rcc_ex.o
 .text.LL_RCC_IC13_GetDivider
                0x34184bc4       0x20 ./Drivers/STM32N6xx_HAL_Driver/stm32n6xx_hal_rcc_ex.o
 .text.LL_RCC_IC14_Enable
                0x34184be4       0x1c ./Drivers/STM32N6xx_HAL_Driver/stm32n6xx_hal_rcc_ex.o
 .text.LL_RCC_IC14_IsEnabled
                0x34184c00       0x28 ./Drivers/STM32N6xx_HAL_Driver/stm32n6xx_hal_rcc_ex.o
 .text.LL_RCC_IC14_GetSource
                0x34184c28       0x1c ./Drivers/STM32N6xx_HAL_Driver/stm32n6xx_hal_rcc_ex.o
 .text.LL_RCC_IC14_GetDivider
                0x34184c44       0x20 ./Drivers/STM32N6xx_HAL_Driver/stm32n6xx_hal_rcc_ex.o
 .text.LL_RCC_IC15_Enable
                0x34184c64       0x1c ./Drivers/STM32N6xx_HAL_Driver/stm32n6xx_hal_rcc_ex.o
 .text.LL_RCC_IC15_IsEnabled
                0x34184c80       0x28 ./Drivers/STM32N6xx_HAL_Driver/stm32n6xx_hal_rcc_ex.o
 .text.LL_RCC_IC15_GetSource
                0x34184ca8       0x1c ./Drivers/STM32N6xx_HAL_Driver/stm32n6xx_hal_rcc_ex.o
 .text.LL_RCC_IC15_GetDivider
                0x34184cc4       0x20 ./Drivers/STM32N6xx_HAL_Driver/stm32n6xx_hal_rcc_ex.o
 .text.LL_RCC_IC16_Enable
                0x34184ce4       0x1c ./Drivers/STM32N6xx_HAL_Driver/stm32n6xx_hal_rcc_ex.o
 .text.LL_RCC_IC16_IsEnabled
                0x34184d00       0x28 ./Drivers/STM32N6xx_HAL_Driver/stm32n6xx_hal_rcc_ex.o
 .text.LL_RCC_IC16_GetSource
                0x34184d28       0x1c ./Drivers/STM32N6xx_HAL_Driver/stm32n6xx_hal_rcc_ex.o
 .text.LL_RCC_IC16_GetDivider
                0x34184d44       0x20 ./Drivers/STM32N6xx_HAL_Driver/stm32n6xx_hal_rcc_ex.o
 .text.LL_RCC_IC17_Enable
                0x34184d64       0x1c ./Drivers/STM32N6xx_HAL_Driver/stm32n6xx_hal_rcc_ex.o
 .text.LL_RCC_IC17_IsEnabled
                0x34184d80       0x28 ./Drivers/STM32N6xx_HAL_Driver/stm32n6xx_hal_rcc_ex.o
 .text.LL_RCC_IC17_GetSource
                0x34184da8       0x1c ./Drivers/STM32N6xx_HAL_Driver/stm32n6xx_hal_rcc_ex.o
 .text.LL_RCC_IC17_GetDivider
                0x34184dc4       0x20 ./Drivers/STM32N6xx_HAL_Driver/stm32n6xx_hal_rcc_ex.o
 .text.LL_RCC_IC18_Enable
                0x34184de4       0x1c ./Drivers/STM32N6xx_HAL_Driver/stm32n6xx_hal_rcc_ex.o
 .text.LL_RCC_IC18_IsEnabled
                0x34184e00       0x28 ./Drivers/STM32N6xx_HAL_Driver/stm32n6xx_hal_rcc_ex.o
 .text.LL_RCC_IC18_GetSource
                0x34184e28       0x1c ./Drivers/STM32N6xx_HAL_Driver/stm32n6xx_hal_rcc_ex.o
 .text.LL_RCC_IC18_GetDivider
                0x34184e44       0x20 ./Drivers/STM32N6xx_HAL_Driver/stm32n6xx_hal_rcc_ex.o
 .text.LL_RCC_IC19_Enable
                0x34184e64       0x1c ./Drivers/STM32N6xx_HAL_Driver/stm32n6xx_hal_rcc_ex.o
 .text.LL_RCC_IC19_IsEnabled
                0x34184e80       0x28 ./Drivers/STM32N6xx_HAL_Driver/stm32n6xx_hal_rcc_ex.o
 .text.LL_RCC_IC19_GetSource
                0x34184ea8       0x1c ./Drivers/STM32N6xx_HAL_Driver/stm32n6xx_hal_rcc_ex.o
 .text.LL_RCC_IC19_GetDivider
                0x34184ec4       0x20 ./Drivers/STM32N6xx_HAL_Driver/stm32n6xx_hal_rcc_ex.o
 .text.LL_RCC_IC20_Enable
                0x34184ee4       0x1c ./Drivers/STM32N6xx_HAL_Driver/stm32n6xx_hal_rcc_ex.o
 .text.LL_RCC_IC20_IsEnabled
                0x34184f00       0x28 ./Drivers/STM32N6xx_HAL_Driver/stm32n6xx_hal_rcc_ex.o
 .text.LL_RCC_IC20_GetSource
                0x34184f28       0x1c ./Drivers/STM32N6xx_HAL_Driver/stm32n6xx_hal_rcc_ex.o
 .text.LL_RCC_IC20_GetDivider
                0x34184f44       0x20 ./Drivers/STM32N6xx_HAL_Driver/stm32n6xx_hal_rcc_ex.o
 .text.LL_RCC_CLKP_Enable
                0x34184f64       0x1c ./Drivers/STM32N6xx_HAL_Driver/stm32n6xx_hal_rcc_ex.o
 .text.LL_RCC_CLKP_IsEnabled
                0x34184f80       0x28 ./Drivers/STM32N6xx_HAL_Driver/stm32n6xx_hal_rcc_ex.o
 .text.HAL_RCCEx_PeriphCLKConfig
                0x34184fa8     0x25c8 ./Drivers/STM32N6xx_HAL_Driver/stm32n6xx_hal_rcc_ex.o
                0x34184fa8                HAL_RCCEx_PeriphCLKConfig
 .text.HAL_RCCEx_GetPeriphCLKFreq
                0x34187570      0x938 ./Drivers/STM32N6xx_HAL_Driver/stm32n6xx_hal_rcc_ex.o
                0x34187570                HAL_RCCEx_GetPeriphCLKFreq
 .text.HAL_RCCEx_GetPLL1CLKFreq
                0x34187ea8       0x8c ./Drivers/STM32N6xx_HAL_Driver/stm32n6xx_hal_rcc_ex.o
                0x34187ea8                HAL_RCCEx_GetPLL1CLKFreq
 .text.HAL_RCCEx_GetPLL2CLKFreq
                0x34187f34       0x8c ./Drivers/STM32N6xx_HAL_Driver/stm32n6xx_hal_rcc_ex.o
                0x34187f34                HAL_RCCEx_GetPLL2CLKFreq
 .text.HAL_RCCEx_GetPLL3CLKFreq
                0x34187fc0       0x8c ./Drivers/STM32N6xx_HAL_Driver/stm32n6xx_hal_rcc_ex.o
                0x34187fc0                HAL_RCCEx_GetPLL3CLKFreq
 .text.HAL_RCCEx_GetPLL4CLKFreq
                0x3418804c       0x8c ./Drivers/STM32N6xx_HAL_Driver/stm32n6xx_hal_rcc_ex.o
                0x3418804c                HAL_RCCEx_GetPLL4CLKFreq
 .text.RCCEx_GetHCLKFreq
                0x341880d8       0x22 ./Drivers/STM32N6xx_HAL_Driver/stm32n6xx_hal_rcc_ex.o
 .text.RCCEx_GetPCLK1Freq
                0x341880fa       0x20 ./Drivers/STM32N6xx_HAL_Driver/stm32n6xx_hal_rcc_ex.o
 .text.RCCEx_GetPCLK2Freq
                0x3418811a       0x22 ./Drivers/STM32N6xx_HAL_Driver/stm32n6xx_hal_rcc_ex.o
 .text.RCCEx_GetPCLK4Freq
                0x3418813c       0x22 ./Drivers/STM32N6xx_HAL_Driver/stm32n6xx_hal_rcc_ex.o
 .text.RCCEx_GetPCLK5Freq
                0x3418815e       0x22 ./Drivers/STM32N6xx_HAL_Driver/stm32n6xx_hal_rcc_ex.o
 .text.RCCEx_GetPLLSourceFreq
                0x34188180       0xbc ./Drivers/STM32N6xx_HAL_Driver/stm32n6xx_hal_rcc_ex.o
 .text.RCCEx_CalcPLLFreq
                0x3418823c       0x98 ./Drivers/STM32N6xx_HAL_Driver/stm32n6xx_hal_rcc_ex.o
 .text.RCCEx_GetADCCLKFreq
                0x341882d4      0x204 ./Drivers/STM32N6xx_HAL_Driver/stm32n6xx_hal_rcc_ex.o
 .text.RCCEx_GetADFCLKFreq
                0x341884d8      0x1d8 ./Drivers/STM32N6xx_HAL_Driver/stm32n6xx_hal_rcc_ex.o
 .text.RCCEx_GetCLKPCLKFreq
                0x341886b0      0x36c ./Drivers/STM32N6xx_HAL_Driver/stm32n6xx_hal_rcc_ex.o
 .text.RCCEx_GetCSICLKFreq
                0x34188a1c       0x98 ./Drivers/STM32N6xx_HAL_Driver/stm32n6xx_hal_rcc_ex.o
 .text.RCCEx_GetDCMIPPCLKFreq
                0x34188ab4      0x114 ./Drivers/STM32N6xx_HAL_Driver/stm32n6xx_hal_rcc_ex.o
 .text.RCCEx_GetETH1CLKFreq
                0x34188bc8      0x100 ./Drivers/STM32N6xx_HAL_Driver/stm32n6xx_hal_rcc_ex.o
 .text.RCCEx_GetETH1PTPCLKFreq
                0x34188cc8      0x108 ./Drivers/STM32N6xx_HAL_Driver/stm32n6xx_hal_rcc_ex.o
 .text.RCCEx_GetFDCANCLKFreq
                0x34188dd0      0x100 ./Drivers/STM32N6xx_HAL_Driver/stm32n6xx_hal_rcc_ex.o
 .text.RCCEx_GetFMCCLKFreq
                0x34188ed0      0x16e ./Drivers/STM32N6xx_HAL_Driver/stm32n6xx_hal_rcc_ex.o
 *fill*         0x3418903e        0x2 
 .text.RCCEx_GetI2CCLKFreq
                0x34189040      0x350 ./Drivers/STM32N6xx_HAL_Driver/stm32n6xx_hal_rcc_ex.o
 .text.RCCEx_GetI3CCLKFreq
                0x34189390      0x268 ./Drivers/STM32N6xx_HAL_Driver/stm32n6xx_hal_rcc_ex.o
 .text.RCCEx_GetLPTIMCLKFreq
                0x341895f8      0x354 ./Drivers/STM32N6xx_HAL_Driver/stm32n6xx_hal_rcc_ex.o
 .text.RCCEx_GetLPUARTCLKFreq
                0x3418994c      0x204 ./Drivers/STM32N6xx_HAL_Driver/stm32n6xx_hal_rcc_ex.o
 .text.RCCEx_GetLTDCCLKFreq
                0x34189b50      0x114 ./Drivers/STM32N6xx_HAL_Driver/stm32n6xx_hal_rcc_ex.o
 .text.RCCEx_GetMDFCLKFreq
                0x34189c64      0x214 ./Drivers/STM32N6xx_HAL_Driver/stm32n6xx_hal_rcc_ex.o
 .text.RCCEx_GetPSSICLKFreq
                0x34189e78      0x104 ./Drivers/STM32N6xx_HAL_Driver/stm32n6xx_hal_rcc_ex.o
 .text.RCCEx_GetRTCCLKFreq
                0x34189f7c       0xa4 ./Drivers/STM32N6xx_HAL_Driver/stm32n6xx_hal_rcc_ex.o
 .text.RCCEx_GetSAICLKFreq
                0x3418a020      0x2cc ./Drivers/STM32N6xx_HAL_Driver/stm32n6xx_hal_rcc_ex.o
 .text.RCCEx_GetSDMMCCLKFreq
                0x3418a2ec      0x1d4 ./Drivers/STM32N6xx_HAL_Driver/stm32n6xx_hal_rcc_ex.o
 .text.RCCEx_GetSPDIFRXCLKFreq
                0x3418a4c0      0x1c8 ./Drivers/STM32N6xx_HAL_Driver/stm32n6xx_hal_rcc_ex.o
 .text.RCCEx_GetSPICLKFreq
                0x3418a688      0x5a4 ./Drivers/STM32N6xx_HAL_Driver/stm32n6xx_hal_rcc_ex.o
 .text.RCCEx_GetUARTCLKFreq
                0x3418ac2c      0x454 ./Drivers/STM32N6xx_HAL_Driver/stm32n6xx_hal_rcc_ex.o
 .text.RCCEx_GetUSARTCLKFreq
                0x3418b080      0x454 ./Drivers/STM32N6xx_HAL_Driver/stm32n6xx_hal_rcc_ex.o
 .text.RCCEx_GetOTGPHYCLKFreq
                0x3418b4d4      0x16c ./Drivers/STM32N6xx_HAL_Driver/stm32n6xx_hal_rcc_ex.o
 .text.RCCEx_GetOTGPHYCKREFCLKFreq
                0x3418b640       0xa0 ./Drivers/STM32N6xx_HAL_Driver/stm32n6xx_hal_rcc_ex.o
 .text.RCCEx_GetXSPICLKFreq
                0x3418b6e0      0x220 ./Drivers/STM32N6xx_HAL_Driver/stm32n6xx_hal_rcc_ex.o
 .text.LL_AHB5_GRP1_IsEnabledClock
                0x3418b900       0x30 ./Drivers/STM32N6xx_HAL_Driver/stm32n6xx_hal_xspi.o
 .text.HAL_XSPI_Init
                0x3418b930      0x224 ./Drivers/STM32N6xx_HAL_Driver/stm32n6xx_hal_xspi.o
                0x3418b930                HAL_XSPI_Init
 .text.HAL_XSPI_Command
                0x3418bb54      0x120 ./Drivers/STM32N6xx_HAL_Driver/stm32n6xx_hal_xspi.o
                0x3418bb54                HAL_XSPI_Command
 .text.HAL_XSPI_Transmit
                0x3418bc74       0xe6 ./Drivers/STM32N6xx_HAL_Driver/stm32n6xx_hal_xspi.o
                0x3418bc74                HAL_XSPI_Transmit
 .text.HAL_XSPI_Receive
                0x3418bd5a      0x146 ./Drivers/STM32N6xx_HAL_Driver/stm32n6xx_hal_xspi.o
                0x3418bd5a                HAL_XSPI_Receive
 .text.HAL_XSPI_AutoPolling
                0x3418bea0      0x114 ./Drivers/STM32N6xx_HAL_Driver/stm32n6xx_hal_xspi.o
                0x3418bea0                HAL_XSPI_AutoPolling
 .text.HAL_XSPI_MemoryMapped
                0x3418bfb4       0xd8 ./Drivers/STM32N6xx_HAL_Driver/stm32n6xx_hal_xspi.o
                0x3418bfb4                HAL_XSPI_MemoryMapped
 .text.HAL_XSPI_Abort
                0x3418c08c      0x10e ./Drivers/STM32N6xx_HAL_Driver/stm32n6xx_hal_xspi.o
                0x3418c08c                HAL_XSPI_Abort
 .text.HAL_XSPI_SetTimeout
                0x3418c19a       0x1e ./Drivers/STM32N6xx_HAL_Driver/stm32n6xx_hal_xspi.o
                0x3418c19a                HAL_XSPI_SetTimeout
 .text.HAL_XSPIM_Config
                0x3418c1b8      0x258 ./Drivers/STM32N6xx_HAL_Driver/stm32n6xx_hal_xspi.o
                0x3418c1b8                HAL_XSPIM_Config
 .text.XSPI_WaitFlagStateUntilTimeout
                0x3418c410       0x6c ./Drivers/STM32N6xx_HAL_Driver/stm32n6xx_hal_xspi.o
 .text.XSPI_ConfigCmd
                0x3418c47c      0x334 ./Drivers/STM32N6xx_HAL_Driver/stm32n6xx_hal_xspi.o
 .text.XSPIM_GetConfig
                0x3418c7b0       0xc8 ./Drivers/STM32N6xx_HAL_Driver/stm32n6xx_hal_xspi.o
 .text.BOOT_Application
                0x3418c878       0x34 ./Middlewares/ST/STM32_ExtMem_Manager/stm32_boot_lrun.o
                0x3418c878                BOOT_Application
 .text.MapMemory
                0x3418c8ac       0x64 ./Middlewares/ST/STM32_ExtMem_Manager/stm32_boot_lrun.o
                0x3418c8ac                MapMemory
 .text.CopyApplication
                0x3418c910       0x94 ./Middlewares/ST/STM32_ExtMem_Manager/stm32_boot_lrun.o
                0x3418c910                CopyApplication
 .text.JumpToApplication
                0x3418c9a4      0x148 ./Middlewares/ST/STM32_ExtMem_Manager/stm32_boot_lrun.o
                0x3418c9a4                JumpToApplication
 .text.BOOT_GetApplicationSize
                0x3418caec       0x18 ./Middlewares/ST/STM32_ExtMem_Manager/stm32_boot_lrun.o
                0x3418caec                BOOT_GetApplicationSize
 .text.BOOT_GetApplicationVectorTable
                0x3418cb04       0x22 ./Middlewares/ST/STM32_ExtMem_Manager/stm32_boot_lrun.o
                0x3418cb04                BOOT_GetApplicationVectorTable
 *fill*         0x3418cb26        0x2 
 .text.EXTMEM_Init
                0x3418cb28       0x84 ./Middlewares/ST/STM32_ExtMem_Manager/stm32_extmem.o
                0x3418cb28                EXTMEM_Init
 .text.EXTMEM_Read
                0x3418cbac       0x6c ./Middlewares/ST/STM32_ExtMem_Manager/stm32_extmem.o
                0x3418cbac                EXTMEM_Read
 .text.EXTMEM_MemoryMappedMode
                0x3418cc18       0x9c ./Middlewares/ST/STM32_ExtMem_Manager/stm32_extmem.o
                0x3418cc18                EXTMEM_MemoryMappedMode
 .text.EXTMEM_GetMapAddress
                0x3418ccb4       0xc0 ./Middlewares/ST/STM32_ExtMem_Manager/stm32_extmem.o
                0x3418ccb4                EXTMEM_GetMapAddress
 .text.SAL_XSPI_SetClock
                0x3418cd74       0x7e ./Middlewares/ST/STM32_ExtMem_Manager/stm32_sal_xspi.o
                0x3418cd74                SAL_XSPI_SetClock
 .text.SAL_XSPI_Init
                0x3418cdf2       0x66 ./Middlewares/ST/STM32_ExtMem_Manager/stm32_sal_xspi.o
                0x3418cdf2                SAL_XSPI_Init
 .text.SAL_XSPI_MemoryConfig
                0x3418ce58      0x2a4 ./Middlewares/ST/STM32_ExtMem_Manager/stm32_sal_xspi.o
                0x3418ce58                SAL_XSPI_MemoryConfig
 .text.SAL_XSPI_GetSFDP
                0x3418d0fc       0xb8 ./Middlewares/ST/STM32_ExtMem_Manager/stm32_sal_xspi.o
                0x3418d0fc                SAL_XSPI_GetSFDP
 .text.SAL_XSPI_GetId
                0x3418d1b4       0xa6 ./Middlewares/ST/STM32_ExtMem_Manager/stm32_sal_xspi.o
                0x3418d1b4                SAL_XSPI_GetId
 .text.SAL_XSPI_Read
                0x3418d25a       0xd0 ./Middlewares/ST/STM32_ExtMem_Manager/stm32_sal_xspi.o
                0x3418d25a                SAL_XSPI_Read
 .text.SAL_XSPI_Write
                0x3418d32a       0x92 ./Middlewares/ST/STM32_ExtMem_Manager/stm32_sal_xspi.o
                0x3418d32a                SAL_XSPI_Write
 .text.SAL_XSPI_CommandSendData
                0x3418d3bc       0xa8 ./Middlewares/ST/STM32_ExtMem_Manager/stm32_sal_xspi.o
                0x3418d3bc                SAL_XSPI_CommandSendData
 .text.SAL_XSPI_SendReadCommand
                0x3418d464       0xa8 ./Middlewares/ST/STM32_ExtMem_Manager/stm32_sal_xspi.o
                0x3418d464                SAL_XSPI_SendReadCommand
 .text.SAL_XSPI_CommandSendReadAddress
                0x3418d50c       0x9a ./Middlewares/ST/STM32_ExtMem_Manager/stm32_sal_xspi.o
                0x3418d50c                SAL_XSPI_CommandSendReadAddress
 .text.SAL_XSPI_CheckStatusRegister
                0x3418d5a6       0xd8 ./Middlewares/ST/STM32_ExtMem_Manager/stm32_sal_xspi.o
                0x3418d5a6                SAL_XSPI_CheckStatusRegister
 .text.SAL_XSPI_EnableMapMode
                0x3418d67e       0xf2 ./Middlewares/ST/STM32_ExtMem_Manager/stm32_sal_xspi.o
                0x3418d67e                SAL_XSPI_EnableMapMode
 .text.SAL_XSPI_DisableMapMode
                0x3418d770       0x22 ./Middlewares/ST/STM32_ExtMem_Manager/stm32_sal_xspi.o
                0x3418d770                SAL_XSPI_DisableMapMode
 .text.SAL_XSPI_UpdateMemoryType
                0x3418d792       0x70 ./Middlewares/ST/STM32_ExtMem_Manager/stm32_sal_xspi.o
                0x3418d792                SAL_XSPI_UpdateMemoryType
 .text.SAL_XSPI_Abort
                0x3418d802       0x1c ./Middlewares/ST/STM32_ExtMem_Manager/stm32_sal_xspi.o
                0x3418d802                SAL_XSPI_Abort
 .text.XSPI_FormatCommand
                0x3418d81e       0x52 ./Middlewares/ST/STM32_ExtMem_Manager/stm32_sal_xspi.o
                0x3418d81e                XSPI_FormatCommand
 .text.XSPI_Transmit
                0x3418d870       0x26 ./Middlewares/ST/STM32_ExtMem_Manager/stm32_sal_xspi.o
                0x3418d870                XSPI_Transmit
 .text.XSPI_Receive
                0x3418d896       0x26 ./Middlewares/ST/STM32_ExtMem_Manager/stm32_sal_xspi.o
                0x3418d896                XSPI_Receive
 .text.SFDP_ReadHeader
                0x3418d8bc       0x7a ./Middlewares/ST/STM32_ExtMem_Manager/stm32_sfdp_data.o
                0x3418d8bc                SFDP_ReadHeader
 *fill*         0x3418d936        0x2 
 .text.SFDP_GetHeader
                0x3418d938       0xbc ./Middlewares/ST/STM32_ExtMem_Manager/stm32_sfdp_data.o
                0x3418d938                SFDP_GetHeader
 .text.SFDP_CollectData
                0x3418d9f4      0x1b8 ./Middlewares/ST/STM32_ExtMem_Manager/stm32_sfdp_data.o
                0x3418d9f4                SFDP_CollectData
 .text.SFDP_MemoryReset
                0x3418dbac      0x1b8 ./Middlewares/ST/STM32_ExtMem_Manager/stm32_sfdp_data.o
                0x3418dbac                SFDP_MemoryReset
 .text.SFDP_BuildGenericDriver
                0x3418dd64      0xb6c ./Middlewares/ST/STM32_ExtMem_Manager/stm32_sfdp_data.o
                0x3418dd64                SFDP_BuildGenericDriver
 .text.driver_check_FlagBUSY
                0x3418e8d0       0x72 ./Middlewares/ST/STM32_ExtMem_Manager/stm32_sfdp_data.o
                0x3418e8d0                driver_check_FlagBUSY
 *fill*         0x3418e942        0x2 
 .text.sfdp_getfrequencevalue
                0x3418e944       0x4c ./Middlewares/ST/STM32_ExtMem_Manager/stm32_sfdp_data.o
                0x3418e944                sfdp_getfrequencevalue
 .text.sfdp_get_paraminfo
                0x3418e990      0x1e8 ./Middlewares/ST/STM32_ExtMem_Manager/stm32_sfdp_data.o
                0x3418e990                sfdp_get_paraminfo
 .text.sfpd_enter_octal_mode
                0x3418eb78      0x1dc ./Middlewares/ST/STM32_ExtMem_Manager/stm32_sfdp_data.o
                0x3418eb78                sfpd_enter_octal_mode
 .text.sfpd_set_dummycycle
                0x3418ed54      0x1c8 ./Middlewares/ST/STM32_ExtMem_Manager/stm32_sfdp_data.o
                0x3418ed54                sfpd_set_dummycycle
 .text.JEDEC_Basic_ManageQuadEnableRequierement
                0x3418ef1c      0x174 ./Middlewares/ST/STM32_ExtMem_Manager/stm32_sfdp_data.o
                0x3418ef1c                JEDEC_Basic_ManageQuadEnableRequierement
 .text.JEDEC_Basic_Manage4S4S4SEnableSequence
                0x3418f090       0x7c ./Middlewares/ST/STM32_ExtMem_Manager/stm32_sfdp_data.o
                0x3418f090                JEDEC_Basic_Manage4S4S4SEnableSequence
 .text.CheckSFDP_Signature
                0x3418f10c       0x54 ./Middlewares/ST/STM32_ExtMem_Manager/stm32_sfdp_data.o
                0x3418f10c                CheckSFDP_Signature
 .text.EXTMEM_DRIVER_NOR_SFDP_Init
                0x3418f160      0x174 ./Middlewares/ST/STM32_ExtMem_Manager/stm32_sfdp_driver.o
                0x3418f160                EXTMEM_DRIVER_NOR_SFDP_Init
 .text.EXTMEM_DRIVER_NOR_SFDP_Read
                0x3418f2d4       0x5a ./Middlewares/ST/STM32_ExtMem_Manager/stm32_sfdp_driver.o
                0x3418f2d4                EXTMEM_DRIVER_NOR_SFDP_Read
 .text.EXTMEM_DRIVER_NOR_SFDP_Enable_MemoryMappedMode
                0x3418f32e       0x42 ./Middlewares/ST/STM32_ExtMem_Manager/stm32_sfdp_driver.o
                0x3418f32e                EXTMEM_DRIVER_NOR_SFDP_Enable_MemoryMappedMode
 .text.EXTMEM_DRIVER_NOR_SFDP_Disable_MemoryMappedMode
                0x3418f370       0x2c ./Middlewares/ST/STM32_ExtMem_Manager/stm32_sfdp_driver.o
                0x3418f370                EXTMEM_DRIVER_NOR_SFDP_Disable_MemoryMappedMode
 .text.memset   0x3418f39c       0x10 D:/Download/STM32CubeIDE_1.18.1/STM32CubeIDE/plugins/com.st.stm32cube.ide.mcu.externaltools.gnu-tools-for-stm32.13.3.rel1.win32_1.0.0.202411081344/tools/bin/../lib/gcc/arm-none-eabi/13.3.1/../../../../arm-none-eabi/lib/thumb/v8-m.main+dp/hard\libc_nano.a(libc_a-memset.o)
                0x3418f39c                memset
 .text.__libc_init_array
                0x3418f3ac       0x48 D:/Download/STM32CubeIDE_1.18.1/STM32CubeIDE/plugins/com.st.stm32cube.ide.mcu.externaltools.gnu-tools-for-stm32.13.3.rel1.win32_1.0.0.202411081344/tools/bin/../lib/gcc/arm-none-eabi/13.3.1/../../../../arm-none-eabi/lib/thumb/v8-m.main+dp/hard\libc_nano.a(libc_a-init.o)
                0x3418f3ac                __libc_init_array
 .text.memcpy   0x3418f3f4       0x1a D:/Download/STM32CubeIDE_1.18.1/STM32CubeIDE/plugins/com.st.stm32cube.ide.mcu.externaltools.gnu-tools-for-stm32.13.3.rel1.win32_1.0.0.202411081344/tools/bin/../lib/gcc/arm-none-eabi/13.3.1/../../../../arm-none-eabi/lib/thumb/v8-m.main+dp/hard\libc_nano.a(libc_a-memcpy-stub.o)
                0x3418f3f4                memcpy
 *(.glue_7)
 .glue_7        0x3418f40e        0x0 linker stubs
 *(.glue_7t)
 .glue_7t       0x3418f40e        0x0 linker stubs
 *(.eh_frame)
 *fill*         0x3418f40e        0x2 
 .eh_frame      0x3418f410        0x0 D:/Download/STM32CubeIDE_1.18.1/STM32CubeIDE/plugins/com.st.stm32cube.ide.mcu.externaltools.gnu-tools-for-stm32.13.3.rel1.win32_1.0.0.202411081344/tools/bin/../lib/gcc/arm-none-eabi/13.3.1/thumb/v8-m.main+dp/hard/crtbegin.o
 *(.RamFunc)
 *(.RamFunc*)
 *(.init)
 .init          0x3418f410        0x4 D:/Download/STM32CubeIDE_1.18.1/STM32CubeIDE/plugins/com.st.stm32cube.ide.mcu.externaltools.gnu-tools-for-stm32.13.3.rel1.win32_1.0.0.202411081344/tools/bin/../lib/gcc/arm-none-eabi/13.3.1/thumb/v8-m.main+dp/hard/crti.o
                0x3418f410                _init
 .init          0x3418f414        0x8 D:/Download/STM32CubeIDE_1.18.1/STM32CubeIDE/plugins/com.st.stm32cube.ide.mcu.externaltools.gnu-tools-for-stm32.13.3.rel1.win32_1.0.0.202411081344/tools/bin/../lib/gcc/arm-none-eabi/13.3.1/thumb/v8-m.main+dp/hard/crtn.o
 *(.fini)
 .fini          0x3418f41c        0x4 D:/Download/STM32CubeIDE_1.18.1/STM32CubeIDE/plugins/com.st.stm32cube.ide.mcu.externaltools.gnu-tools-for-stm32.13.3.rel1.win32_1.0.0.202411081344/tools/bin/../lib/gcc/arm-none-eabi/13.3.1/thumb/v8-m.main+dp/hard/crti.o
                0x3418f41c                _fini
 .fini          0x3418f420        0x8 D:/Download/STM32CubeIDE_1.18.1/STM32CubeIDE/plugins/com.st.stm32cube.ide.mcu.externaltools.gnu-tools-for-stm32.13.3.rel1.win32_1.0.0.202411081344/tools/bin/../lib/gcc/arm-none-eabi/13.3.1/thumb/v8-m.main+dp/hard/crtn.o
                0x3418f428                        . = ALIGN (0x4)
                0x3418f428                        _etext = .

.vfp11_veneer   0x3418f428        0x0
 .vfp11_veneer  0x3418f428        0x0 linker stubs

.v4_bx          0x3418f428        0x0
 .v4_bx         0x3418f428        0x0 linker stubs

.iplt           0x3418f428        0x0
 .iplt          0x3418f428        0x0 D:/Download/STM32CubeIDE_1.18.1/STM32CubeIDE/plugins/com.st.stm32cube.ide.mcu.externaltools.gnu-tools-for-stm32.13.3.rel1.win32_1.0.0.202411081344/tools/bin/../lib/gcc/arm-none-eabi/13.3.1/thumb/v8-m.main+dp/hard/crtbegin.o

.rodata         0x3418f428       0x44
                0x3418f428                        . = ALIGN (0x4)
 *(.rodata)
 .rodata        0x3418f428       0x2a ./Middlewares/ST/STM32_ExtMem_Manager/stm32_sfdp_data.o
 *(.rodata*)
 *fill*         0x3418f452        0x2 
 .rodata.block_erase_unit.1
                0x3418f454        0x8 ./Middlewares/ST/STM32_ExtMem_Manager/stm32_sfdp_data.o
 .rodata.chip_erase_unit.0
                0x3418f45c       0x10 ./Middlewares/ST/STM32_ExtMem_Manager/stm32_sfdp_data.o
                0x3418f46c                        . = ALIGN (0x4)

.ARM.extab      0x3418f46c        0x0
                0x3418f46c                        . = ALIGN (0x4)
 *(.ARM.extab* .gnu.linkonce.armextab.*)
                0x3418f46c                        . = ALIGN (0x4)

.ARM            0x3418f46c        0x0
                0x3418f46c                        . = ALIGN (0x4)
                0x3418f46c                        __exidx_start = .
 *(.ARM.exidx*)
                0x3418f46c                        __exidx_end = .
                0x3418f46c                        . = ALIGN (0x4)

.preinit_array  0x3418f46c        0x0
                0x3418f46c                        . = ALIGN (0x4)
                0x3418f46c                        PROVIDE (__preinit_array_start = .)
 *(.preinit_array*)
                0x3418f46c                        PROVIDE (__preinit_array_end = .)
                0x3418f46c                        . = ALIGN (0x4)

.init_array     0x3418f46c        0x4
                0x3418f46c                        . = ALIGN (0x4)
                0x3418f46c                        PROVIDE (__init_array_start = .)
 *(SORT_BY_NAME(.init_array.*))
 *(.init_array*)
 .init_array    0x3418f46c        0x4 D:/Download/STM32CubeIDE_1.18.1/STM32CubeIDE/plugins/com.st.stm32cube.ide.mcu.externaltools.gnu-tools-for-stm32.13.3.rel1.win32_1.0.0.202411081344/tools/bin/../lib/gcc/arm-none-eabi/13.3.1/thumb/v8-m.main+dp/hard/crtbegin.o
                0x3418f470                        PROVIDE (__init_array_end = .)
                0x3418f470                        . = ALIGN (0x4)

.fini_array     0x3418f470        0x4
                0x3418f470                        . = ALIGN (0x4)
                [!provide]                        PROVIDE (__fini_array_start = .)
 *(SORT_BY_NAME(.fini_array.*))
 *(.fini_array*)
 .fini_array    0x3418f470        0x4 D:/Download/STM32CubeIDE_1.18.1/STM32CubeIDE/plugins/com.st.stm32cube.ide.mcu.externaltools.gnu-tools-for-stm32.13.3.rel1.win32_1.0.0.202411081344/tools/bin/../lib/gcc/arm-none-eabi/13.3.1/thumb/v8-m.main+dp/hard/crtbegin.o
                [!provide]                        PROVIDE (__fini_array_end = .)
                0x3418f474                        . = ALIGN (0x4)
                0x3418f474                        _sidata = LOADADDR (.data)

.rel.dyn        0x3418f474        0x0
 .rel.iplt      0x3418f474        0x0 D:/Download/STM32CubeIDE_1.18.1/STM32CubeIDE/plugins/com.st.stm32cube.ide.mcu.externaltools.gnu-tools-for-stm32.13.3.rel1.win32_1.0.0.202411081344/tools/bin/../lib/gcc/arm-none-eabi/13.3.1/thumb/v8-m.main+dp/hard/crtbegin.o

.data           0x341c0000       0x20 load address 0x3418f474
                0x341c0000                        . = ALIGN (0x4)
                0x341c0000                        _sdata = .
 *(.data)
 *(.data*)
 .data.SystemCoreClock
                0x341c0000        0x4 ./Core/Src/system_stm32n6xx_fsbl.o
                0x341c0000                SystemCoreClock
 .data.LED_PIN  0x341c0004        0x6 ./Drivers/BSP/STM32N6xx_Nucleo/stm32n6xx_nucleo.o
 *fill*         0x341c000a        0x2 
 .data.LED_PORT
                0x341c000c        0xc ./Drivers/BSP/STM32N6xx_Nucleo/stm32n6xx_nucleo.o
 .data.uwTickPrio
                0x341c0018        0x4 ./Drivers/STM32N6xx_HAL_Driver/stm32n6xx_hal.o
                0x341c0018                uwTickPrio
 .data.uwTickFreq
                0x341c001c        0x1 ./Drivers/STM32N6xx_HAL_Driver/stm32n6xx_hal.o
                0x341c001c                uwTickFreq
                0x341c0020                        . = ALIGN (0x4)
 *fill*         0x341c001d        0x3 
                0x341c0020                        _edata = .

.igot.plt       0x341c0020        0x0 load address 0x3418f494
 .igot.plt      0x341c0020        0x0 D:/Download/STM32CubeIDE_1.18.1/STM32CubeIDE/plugins/com.st.stm32cube.ide.mcu.externaltools.gnu-tools-for-stm32.13.3.rel1.win32_1.0.0.202411081344/tools/bin/../lib/gcc/arm-none-eabi/13.3.1/thumb/v8-m.main+dp/hard/crtbegin.o

.noncacheable   0x341c0020        0x0 load address 0x3418f494
                0x341c0020                        . = ALIGN (0x8)
                0x341c0020                        __snoncacheable = .
 *(.noncacheable)
                0x341c0020                        . = ALIGN (0x8)
                0x341c0020                        __enoncacheable = .

.gnu.sgstubs    0x3418f4a0       0x20
                0x3418f4a0                        . = ALIGN (0x4)
 *(.gnu.sgstubs*)
                0x3418f4a0                        . = ALIGN (0x4)
 .gnu.sgstubs.__stub
                0x3418f4a0        0x8 linker stubs
                0x3418f4a0                SECURE_SystemCoreClockUpdate
                0x3418f4a8                        . = ALIGN (0x4)

.bss            0x341c0020      0x2bc
                0x341c0020                        _sbss = .
                0x341c0020                        __bss_start__ = _sbss
 *(.bss)
 .bss           0x341c0020       0x1c D:/Download/STM32CubeIDE_1.18.1/STM32CubeIDE/plugins/com.st.stm32cube.ide.mcu.externaltools.gnu-tools-for-stm32.13.3.rel1.win32_1.0.0.202411081344/tools/bin/../lib/gcc/arm-none-eabi/13.3.1/thumb/v8-m.main+dp/hard/crtbegin.o
 *(.bss*)
 .bss.hxspi2    0x341c003c       0x64 ./Core/Src/main.o
                0x341c003c                hxspi2
 .bss.uwTick    0x341c00a0        0x4 ./Drivers/STM32N6xx_HAL_Driver/stm32n6xx_hal.o
                0x341c00a0                uwTick
 .bss.JumpToApp.0
                0x341c00a4        0x4 ./Middlewares/ST/STM32_ExtMem_Manager/stm32_boot_lrun.o
 .bss.extmem_list_config
                0x341c00a8       0xac ./Middlewares/ST/STM32_ExtMem_Manager/stm32_extmem.o
                0x341c00a8                extmem_list_config
 .bss.sfdp_param_info
                0x341c0154       0x78 ./Middlewares/ST/STM32_ExtMem_Manager/stm32_sfdp_data.o
 .bss.JEDEC_Basic
                0x341c01cc       0x60 ./Middlewares/ST/STM32_ExtMem_Manager/stm32_sfdp_data.o
 .bss.JEDEC_Address4Bit
                0x341c022c        0x8 ./Middlewares/ST/STM32_ExtMem_Manager/stm32_sfdp_data.o
 .bss.JEDEC_XSPI10
                0x341c0234       0x18 ./Middlewares/ST/STM32_ExtMem_Manager/stm32_sfdp_data.o
 .bss.JEDEC_SCCR_Map
                0x341c024c       0x70 ./Middlewares/ST/STM32_ExtMem_Manager/stm32_sfdp_data.o
 .bss.JEDEC_OctalDdr
                0x341c02bc       0x20 ./Middlewares/ST/STM32_ExtMem_Manager/stm32_sfdp_data.o
 *(COMMON)
                0x341c02dc                        . = ALIGN (0x4)
                0x341c02dc                        _ebss = .
                0x341c02dc                        __bss_end__ = _ebss

._user_heap_stack
                0x341c02dc      0xa04
                0x341c02e0                        . = ALIGN (0x8)
 *fill*         0x341c02dc        0x4 
                [!provide]                        PROVIDE (end = .)
                0x341c02e0                        PROVIDE (_end = .)
                0x341c04e0                        . = (. + _Min_Heap_Size)
 *fill*         0x341c02e0      0x200 
                0x341c0ce0                        . = (. + _Min_Stack_Size)
 *fill*         0x341c04e0      0x800 
                0x341c0ce0                        . = ALIGN (0x8)

/DISCARD/
 libc.a(*)
 libm.a(*)
 libgcc.a(*)

.ARM.attributes
                0x00000000       0x3a
 *(.ARM.attributes)
 .ARM.attributes
                0x00000000       0x24 D:/Download/STM32CubeIDE_1.18.1/STM32CubeIDE/plugins/com.st.stm32cube.ide.mcu.externaltools.gnu-tools-for-stm32.13.3.rel1.win32_1.0.0.202411081344/tools/bin/../lib/gcc/arm-none-eabi/13.3.1/thumb/v8-m.main+dp/hard/crti.o
 .ARM.attributes
                0x00000024       0x36 D:/Download/STM32CubeIDE_1.18.1/STM32CubeIDE/plugins/com.st.stm32cube.ide.mcu.externaltools.gnu-tools-for-stm32.13.3.rel1.win32_1.0.0.202411081344/tools/bin/../lib/gcc/arm-none-eabi/13.3.1/thumb/v8-m.main+dp/hard/crtbegin.o
 .ARM.attributes
                0x0000005a       0x3e ./Core/Src/extmem_manager.o
 .ARM.attributes
                0x00000098       0x3e ./Core/Src/main.o
 .ARM.attributes
                0x000000d6       0x3e ./Core/Src/stm32n6xx_hal_msp.o
 .ARM.attributes
                0x00000114       0x3e ./Core/Src/stm32n6xx_it.o
 .ARM.attributes
                0x00000152       0x3e ./Core/Src/system_stm32n6xx_fsbl.o
 .ARM.attributes
                0x00000190       0x22 ./Core/Startup/startup_stm32n657x0hxq_fsbl.o
 .ARM.attributes
                0x000001b2       0x3e ./Drivers/BSP/STM32N6xx_Nucleo/stm32n6xx_nucleo.o
 .ARM.attributes
                0x000001f0       0x3e ./Drivers/STM32N6xx_HAL_Driver/stm32n6xx_hal.o
 .ARM.attributes
                0x0000022e       0x3e ./Drivers/STM32N6xx_HAL_Driver/stm32n6xx_hal_bsec.o
 .ARM.attributes
                0x0000026c       0x3e ./Drivers/STM32N6xx_HAL_Driver/stm32n6xx_hal_cortex.o
 .ARM.attributes
                0x000002aa       0x3e ./Drivers/STM32N6xx_HAL_Driver/stm32n6xx_hal_dma.o
 .ARM.attributes
                0x000002e8       0x3e ./Drivers/STM32N6xx_HAL_Driver/stm32n6xx_hal_gpio.o
 .ARM.attributes
                0x00000326       0x3e ./Drivers/STM32N6xx_HAL_Driver/stm32n6xx_hal_pwr_ex.o
 .ARM.attributes
                0x00000364       0x3e ./Drivers/STM32N6xx_HAL_Driver/stm32n6xx_hal_rcc.o
 .ARM.attributes
                0x000003a2       0x3e ./Drivers/STM32N6xx_HAL_Driver/stm32n6xx_hal_rcc_ex.o
 .ARM.attributes
                0x000003e0       0x3e ./Drivers/STM32N6xx_HAL_Driver/stm32n6xx_hal_xspi.o
 .ARM.attributes
                0x0000041e       0x3e ./Middlewares/ST/STM32_ExtMem_Manager/stm32_boot_lrun.o
 .ARM.attributes
                0x0000045c       0x3e ./Middlewares/ST/STM32_ExtMem_Manager/stm32_extmem.o
 .ARM.attributes
                0x0000049a       0x3e ./Middlewares/ST/STM32_ExtMem_Manager/stm32_sal_xspi.o
 .ARM.attributes
                0x000004d8       0x3e ./Middlewares/ST/STM32_ExtMem_Manager/stm32_sfdp_data.o
 .ARM.attributes
                0x00000516       0x3e ./Middlewares/ST/STM32_ExtMem_Manager/stm32_sfdp_driver.o
 .ARM.attributes
                0x00000554       0x36 D:/Download/STM32CubeIDE_1.18.1/STM32CubeIDE/plugins/com.st.stm32cube.ide.mcu.externaltools.gnu-tools-for-stm32.13.3.rel1.win32_1.0.0.202411081344/tools/bin/../lib/gcc/arm-none-eabi/13.3.1/../../../../arm-none-eabi/lib/thumb/v8-m.main+dp/hard\libc_nano.a(libc_a-memset.o)
 .ARM.attributes
                0x0000058a       0x36 D:/Download/STM32CubeIDE_1.18.1/STM32CubeIDE/plugins/com.st.stm32cube.ide.mcu.externaltools.gnu-tools-for-stm32.13.3.rel1.win32_1.0.0.202411081344/tools/bin/../lib/gcc/arm-none-eabi/13.3.1/../../../../arm-none-eabi/lib/thumb/v8-m.main+dp/hard\libc_nano.a(libc_a-init.o)
 .ARM.attributes
                0x000005c0       0x36 D:/Download/STM32CubeIDE_1.18.1/STM32CubeIDE/plugins/com.st.stm32cube.ide.mcu.externaltools.gnu-tools-for-stm32.13.3.rel1.win32_1.0.0.202411081344/tools/bin/../lib/gcc/arm-none-eabi/13.3.1/../../../../arm-none-eabi/lib/thumb/v8-m.main+dp/hard\libc_nano.a(libc_a-memcpy-stub.o)
 .ARM.attributes
                0x000005f6       0x24 D:/Download/STM32CubeIDE_1.18.1/STM32CubeIDE/plugins/com.st.stm32cube.ide.mcu.externaltools.gnu-tools-for-stm32.13.3.rel1.win32_1.0.0.202411081344/tools/bin/../lib/gcc/arm-none-eabi/13.3.1/thumb/v8-m.main+dp/hard/crtn.o
OUTPUT(STM32N6-NPU-Setup_FSBL.elf elf32-littlearm)
LOAD linker stubs
LOAD D:/Download/STM32CubeIDE_1.18.1/STM32CubeIDE/plugins/com.st.stm32cube.ide.mcu.externaltools.gnu-tools-for-stm32.13.3.rel1.win32_1.0.0.202411081344/tools/bin/../lib/gcc/arm-none-eabi/13.3.1/../../../../arm-none-eabi/lib/thumb/v8-m.main+dp/hard\libc.a
LOAD D:/Download/STM32CubeIDE_1.18.1/STM32CubeIDE/plugins/com.st.stm32cube.ide.mcu.externaltools.gnu-tools-for-stm32.13.3.rel1.win32_1.0.0.202411081344/tools/bin/../lib/gcc/arm-none-eabi/13.3.1/../../../../arm-none-eabi/lib/thumb/v8-m.main+dp/hard\libm.a
LOAD D:/Download/STM32CubeIDE_1.18.1/STM32CubeIDE/plugins/com.st.stm32cube.ide.mcu.externaltools.gnu-tools-for-stm32.13.3.rel1.win32_1.0.0.202411081344/tools/bin/../lib/gcc/arm-none-eabi/13.3.1/thumb/v8-m.main+dp/hard\libgcc.a

.debug_info     0x00000000    0x21404
 .debug_info    0x00000000      0xfc5 ./Core/Src/extmem_manager.o
 .debug_info    0x00000fc5     0x2733 ./Core/Src/main.o
 .debug_info    0x000036f8     0x2642 ./Core/Src/stm32n6xx_hal_msp.o
 .debug_info    0x00005d3a      0x138 ./Core/Src/stm32n6xx_it.o
 .debug_info    0x00005e72     0x1a83 ./Core/Src/system_stm32n6xx_fsbl.o
 .debug_info    0x000078f5       0x30 ./Core/Startup/startup_stm32n657x0hxq_fsbl.o
 .debug_info    0x00007925     0x1cdf ./Drivers/BSP/STM32N6xx_Nucleo/stm32n6xx_nucleo.o
 .debug_info    0x00009604     0x2b49 ./Drivers/STM32N6xx_HAL_Driver/stm32n6xx_hal.o
 .debug_info    0x0000c14d      0xdbc ./Drivers/STM32N6xx_HAL_Driver/stm32n6xx_hal_bsec.o
 .debug_info    0x0000cf09     0x1490 ./Drivers/STM32N6xx_HAL_Driver/stm32n6xx_hal_cortex.o
 .debug_info    0x0000e399      0xbfa ./Drivers/STM32N6xx_HAL_Driver/stm32n6xx_hal_dma.o
 .debug_info    0x0000ef93      0xafd ./Drivers/STM32N6xx_HAL_Driver/stm32n6xx_hal_gpio.o
 .debug_info    0x0000fa90      0xd08 ./Drivers/STM32N6xx_HAL_Driver/stm32n6xx_hal_pwr_ex.o
 .debug_info    0x00010798     0x20fd ./Drivers/STM32N6xx_HAL_Driver/stm32n6xx_hal_rcc.o
 .debug_info    0x00012895     0x382a ./Drivers/STM32N6xx_HAL_Driver/stm32n6xx_hal_rcc_ex.o
 .debug_info    0x000160bf     0x2bf1 ./Drivers/STM32N6xx_HAL_Driver/stm32n6xx_hal_xspi.o
 .debug_info    0x00018cb0      0x899 ./Middlewares/ST/STM32_ExtMem_Manager/stm32_boot_lrun.o
 .debug_info    0x00019549     0x1500 ./Middlewares/ST/STM32_ExtMem_Manager/stm32_extmem.o
 .debug_info    0x0001aa49     0x1674 ./Middlewares/ST/STM32_ExtMem_Manager/stm32_sal_xspi.o
 .debug_info    0x0001c0bd     0x3b93 ./Middlewares/ST/STM32_ExtMem_Manager/stm32_sfdp_data.o
 .debug_info    0x0001fc50     0x17b4 ./Middlewares/ST/STM32_ExtMem_Manager/stm32_sfdp_driver.o

.debug_abbrev   0x00000000     0x3066
 .debug_abbrev  0x00000000      0x1ca ./Core/Src/extmem_manager.o
 .debug_abbrev  0x000001ca      0x355 ./Core/Src/main.o
 .debug_abbrev  0x0000051f      0x26f ./Core/Src/stm32n6xx_hal_msp.o
 .debug_abbrev  0x0000078e       0x73 ./Core/Src/stm32n6xx_it.o
 .debug_abbrev  0x00000801      0x164 ./Core/Src/system_stm32n6xx_fsbl.o
 .debug_abbrev  0x00000965       0x24 ./Core/Startup/startup_stm32n657x0hxq_fsbl.o
 .debug_abbrev  0x00000989      0x2cf ./Drivers/BSP/STM32N6xx_Nucleo/stm32n6xx_nucleo.o
 .debug_abbrev  0x00000c58      0x2ff ./Drivers/STM32N6xx_HAL_Driver/stm32n6xx_hal.o
 .debug_abbrev  0x00000f57      0x1a7 ./Drivers/STM32N6xx_HAL_Driver/stm32n6xx_hal_bsec.o
 .debug_abbrev  0x000010fe      0x316 ./Drivers/STM32N6xx_HAL_Driver/stm32n6xx_hal_cortex.o
 .debug_abbrev  0x00001414      0x1dd ./Drivers/STM32N6xx_HAL_Driver/stm32n6xx_hal_dma.o
 .debug_abbrev  0x000015f1      0x24d ./Drivers/STM32N6xx_HAL_Driver/stm32n6xx_hal_gpio.o
 .debug_abbrev  0x0000183e      0x265 ./Drivers/STM32N6xx_HAL_Driver/stm32n6xx_hal_pwr_ex.o
 .debug_abbrev  0x00001aa3      0x36a ./Drivers/STM32N6xx_HAL_Driver/stm32n6xx_hal_rcc.o
 .debug_abbrev  0x00001e0d      0x2ea ./Drivers/STM32N6xx_HAL_Driver/stm32n6xx_hal_rcc_ex.o
 .debug_abbrev  0x000020f7      0x2b7 ./Drivers/STM32N6xx_HAL_Driver/stm32n6xx_hal_xspi.o
 .debug_abbrev  0x000023ae      0x283 ./Middlewares/ST/STM32_ExtMem_Manager/stm32_boot_lrun.o
 .debug_abbrev  0x00002631      0x28a ./Middlewares/ST/STM32_ExtMem_Manager/stm32_extmem.o
 .debug_abbrev  0x000028bb      0x269 ./Middlewares/ST/STM32_ExtMem_Manager/stm32_sal_xspi.o
 .debug_abbrev  0x00002b24      0x2bd ./Middlewares/ST/STM32_ExtMem_Manager/stm32_sfdp_data.o
 .debug_abbrev  0x00002de1      0x285 ./Middlewares/ST/STM32_ExtMem_Manager/stm32_sfdp_driver.o

.debug_aranges  0x00000000     0x1a18
 .debug_aranges
                0x00000000       0x20 ./Core/Src/extmem_manager.o
 .debug_aranges
                0x00000020       0x50 ./Core/Src/main.o
 .debug_aranges
                0x00000070       0x50 ./Core/Src/stm32n6xx_hal_msp.o
 .debug_aranges
                0x000000c0       0x68 ./Core/Src/stm32n6xx_it.o
 .debug_aranges
                0x00000128       0x30 ./Core/Src/system_stm32n6xx_fsbl.o
 .debug_aranges
                0x00000158       0x28 ./Core/Startup/startup_stm32n657x0hxq_fsbl.o
 .debug_aranges
                0x00000180       0xa0 ./Drivers/BSP/STM32N6xx_Nucleo/stm32n6xx_nucleo.o
 .debug_aranges
                0x00000220      0x3c8 ./Drivers/STM32N6xx_HAL_Driver/stm32n6xx_hal.o
 .debug_aranges
                0x000005e8      0x128 ./Drivers/STM32N6xx_HAL_Driver/stm32n6xx_hal_bsec.o
 .debug_aranges
                0x00000710      0x178 ./Drivers/STM32N6xx_HAL_Driver/stm32n6xx_hal_cortex.o
 .debug_aranges
                0x00000888       0xb8 ./Drivers/STM32N6xx_HAL_Driver/stm32n6xx_hal_dma.o
 .debug_aranges
                0x00000940       0xa8 ./Drivers/STM32N6xx_HAL_Driver/stm32n6xx_hal_gpio.o
 .debug_aranges
                0x000009e8      0x260 ./Drivers/STM32N6xx_HAL_Driver/stm32n6xx_hal_pwr_ex.o
 .debug_aranges
                0x00000c48      0x280 ./Drivers/STM32N6xx_HAL_Driver/stm32n6xx_hal_rcc.o
 .debug_aranges
                0x00000ec8      0x750 ./Drivers/STM32N6xx_HAL_Driver/stm32n6xx_hal_rcc_ex.o
 .debug_aranges
                0x00001618      0x1a0 ./Drivers/STM32N6xx_HAL_Driver/stm32n6xx_hal_xspi.o
 .debug_aranges
                0x000017b8       0x48 ./Middlewares/ST/STM32_ExtMem_Manager/stm32_boot_lrun.o
 .debug_aranges
                0x00001800       0x68 ./Middlewares/ST/STM32_ExtMem_Manager/stm32_extmem.o
 .debug_aranges
                0x00001868       0xb8 ./Middlewares/ST/STM32_ExtMem_Manager/stm32_sal_xspi.o
 .debug_aranges
                0x00001920       0x80 ./Middlewares/ST/STM32_ExtMem_Manager/stm32_sfdp_data.o
 .debug_aranges
                0x000019a0       0x78 ./Middlewares/ST/STM32_ExtMem_Manager/stm32_sfdp_driver.o

.debug_rnglists
                0x00000000     0x13bf
 .debug_rnglists
                0x00000000       0x13 ./Core/Src/extmem_manager.o
 .debug_rnglists
                0x00000013       0x3b ./Core/Src/main.o
 .debug_rnglists
                0x0000004e       0x38 ./Core/Src/stm32n6xx_hal_msp.o
 .debug_rnglists
                0x00000086       0x49 ./Core/Src/stm32n6xx_it.o
 .debug_rnglists
                0x000000cf       0x21 ./Core/Src/system_stm32n6xx_fsbl.o
 .debug_rnglists
                0x000000f0       0x19 ./Core/Startup/startup_stm32n657x0hxq_fsbl.o
 .debug_rnglists
                0x00000109       0x74 ./Drivers/BSP/STM32N6xx_Nucleo/stm32n6xx_nucleo.o
 .debug_rnglists
                0x0000017d      0x2d4 ./Drivers/STM32N6xx_HAL_Driver/stm32n6xx_hal.o
 .debug_rnglists
                0x00000451       0xe3 ./Drivers/STM32N6xx_HAL_Driver/stm32n6xx_hal_bsec.o
 .debug_rnglists
                0x00000534      0x115 ./Drivers/STM32N6xx_HAL_Driver/stm32n6xx_hal_cortex.o
 .debug_rnglists
                0x00000649       0x91 ./Drivers/STM32N6xx_HAL_Driver/stm32n6xx_hal_dma.o
 .debug_rnglists
                0x000006da       0x80 ./Drivers/STM32N6xx_HAL_Driver/stm32n6xx_hal_gpio.o
 .debug_rnglists
                0x0000075a      0x1c9 ./Drivers/STM32N6xx_HAL_Driver/stm32n6xx_hal_pwr_ex.o
 .debug_rnglists
                0x00000923      0x1e9 ./Drivers/STM32N6xx_HAL_Driver/stm32n6xx_hal_rcc.o
 .debug_rnglists
                0x00000b0c      0x59b ./Drivers/STM32N6xx_HAL_Driver/stm32n6xx_hal_rcc_ex.o
 .debug_rnglists
                0x000010a7      0x149 ./Drivers/STM32N6xx_HAL_Driver/stm32n6xx_hal_xspi.o
 .debug_rnglists
                0x000011f0       0x33 ./Middlewares/ST/STM32_ExtMem_Manager/stm32_boot_lrun.o
 .debug_rnglists
                0x00001223       0x4e ./Middlewares/ST/STM32_ExtMem_Manager/stm32_extmem.o
 .debug_rnglists
                0x00001271       0x90 ./Middlewares/ST/STM32_ExtMem_Manager/stm32_sal_xspi.o
 .debug_rnglists
                0x00001301       0x63 ./Middlewares/ST/STM32_ExtMem_Manager/stm32_sfdp_data.o
 .debug_rnglists
                0x00001364       0x5b ./Middlewares/ST/STM32_ExtMem_Manager/stm32_sfdp_driver.o

.debug_macro    0x00000000    0x5379f
 .debug_macro   0x00000000      0x319 ./Core/Src/extmem_manager.o
 .debug_macro   0x00000319      0xb62 ./Core/Src/extmem_manager.o
 .debug_macro   0x00000e7b       0x2e ./Core/Src/extmem_manager.o
 .debug_macro   0x00000ea9      0x1c9 ./Core/Src/extmem_manager.o
 .debug_macro   0x00001072      0x190 ./Core/Src/extmem_manager.o
 .debug_macro   0x00001202       0x63 ./Core/Src/extmem_manager.o
 .debug_macro   0x00001265       0x2e ./Core/Src/extmem_manager.o
 .debug_macro   0x00001293       0x6c ./Core/Src/extmem_manager.o
 .debug_macro   0x000012ff       0x22 ./Core/Src/extmem_manager.o
 .debug_macro   0x00001321       0x8e ./Core/Src/extmem_manager.o
 .debug_macro   0x000013af       0x51 ./Core/Src/extmem_manager.o
 .debug_macro   0x00001400      0x103 ./Core/Src/extmem_manager.o
 .debug_macro   0x00001503       0x6a ./Core/Src/extmem_manager.o
 .debug_macro   0x0000156d      0x1df ./Core/Src/extmem_manager.o
 .debug_macro   0x0000174c       0x1c ./Core/Src/extmem_manager.o
 .debug_macro   0x00001768       0x28 ./Core/Src/extmem_manager.o
 .debug_macro   0x00001790      0x110 ./Core/Src/extmem_manager.o
 .debug_macro   0x000018a0     0x2dc3 ./Core/Src/extmem_manager.o
 .debug_macro   0x00004663       0x64 ./Core/Src/extmem_manager.o